Archive member included to satisfy reference by file (symbol)

/Users/toddnielsen/.pico-sdk/toolchain/13_2_Rel1/bin/../lib/gcc/arm-none-eabi/13.2.1/thumb/v6-m/nofp/libgcc.a(_dvmd_tls.o)
                              src/CMakeFiles/lab03.dir/Users/toddnielsen/.pico-sdk/sdk/2.0.0/src/rp2_common/pico_divider/divider_hardware.S.obj (__aeabi_idiv0)
/Users/toddnielsen/.pico-sdk/toolchain/13_2_Rel1/bin/../lib/gcc/arm-none-eabi/13.2.1/../../../../arm-none-eabi/lib/thumb/v6-m/nofp/libg.a(libc_a-calloc.o)
                              src/CMakeFiles/lab03.dir/Users/toddnielsen/.pico-sdk/sdk/2.0.0/src/rp2_common/pico_malloc/malloc.c.obj (calloc)
/Users/toddnielsen/.pico-sdk/toolchain/13_2_Rel1/bin/../lib/gcc/arm-none-eabi/13.2.1/../../../../arm-none-eabi/lib/thumb/v6-m/nofp/libg.a(libc_a-callocr.o)
                              /Users/toddnielsen/.pico-sdk/toolchain/13_2_Rel1/bin/../lib/gcc/arm-none-eabi/13.2.1/../../../../arm-none-eabi/lib/thumb/v6-m/nofp/libg.a(libc_a-calloc.o) (_calloc_r)
/Users/toddnielsen/.pico-sdk/toolchain/13_2_Rel1/bin/../lib/gcc/arm-none-eabi/13.2.1/../../../../arm-none-eabi/lib/thumb/v6-m/nofp/libg.a(libc_a-malloc.o)
                              src/CMakeFiles/lab03.dir/Users/toddnielsen/.pico-sdk/sdk/2.0.0/src/rp2_common/pico_malloc/malloc.c.obj (malloc)
/Users/toddnielsen/.pico-sdk/toolchain/13_2_Rel1/bin/../lib/gcc/arm-none-eabi/13.2.1/../../../../arm-none-eabi/lib/thumb/v6-m/nofp/libg.a(libc_a-mallocr.o)
                              /Users/toddnielsen/.pico-sdk/toolchain/13_2_Rel1/bin/../lib/gcc/arm-none-eabi/13.2.1/../../../../arm-none-eabi/lib/thumb/v6-m/nofp/libg.a(libc_a-callocr.o) (_malloc_r)
/Users/toddnielsen/.pico-sdk/toolchain/13_2_Rel1/bin/../lib/gcc/arm-none-eabi/13.2.1/../../../../arm-none-eabi/lib/thumb/v6-m/nofp/libg.a(libc_a-mlock.o)
                              /Users/toddnielsen/.pico-sdk/toolchain/13_2_Rel1/bin/../lib/gcc/arm-none-eabi/13.2.1/../../../../arm-none-eabi/lib/thumb/v6-m/nofp/libg.a(libc_a-mallocr.o) (__malloc_lock)
/Users/toddnielsen/.pico-sdk/toolchain/13_2_Rel1/bin/../lib/gcc/arm-none-eabi/13.2.1/../../../../arm-none-eabi/lib/thumb/v6-m/nofp/libg.a(libc_a-realloc.o)
                              src/CMakeFiles/lab03.dir/Users/toddnielsen/.pico-sdk/sdk/2.0.0/src/rp2_common/pico_malloc/malloc.c.obj (realloc)
/Users/toddnielsen/.pico-sdk/toolchain/13_2_Rel1/bin/../lib/gcc/arm-none-eabi/13.2.1/../../../../arm-none-eabi/lib/thumb/v6-m/nofp/libg.a(libc_a-reallocr.o)
                              /Users/toddnielsen/.pico-sdk/toolchain/13_2_Rel1/bin/../lib/gcc/arm-none-eabi/13.2.1/../../../../arm-none-eabi/lib/thumb/v6-m/nofp/libg.a(libc_a-realloc.o) (_realloc_r)
/Users/toddnielsen/.pico-sdk/toolchain/13_2_Rel1/bin/../lib/gcc/arm-none-eabi/13.2.1/../../../../arm-none-eabi/lib/thumb/v6-m/nofp/libg.a(libc_a-memcmp.o)
                              src/CMakeFiles/lab03.dir/Users/toddnielsen/.pico-sdk/sdk/2.0.0/src/rp2_common/pico_atomic/atomic.c.obj (memcmp)
/Users/toddnielsen/.pico-sdk/toolchain/13_2_Rel1/bin/../lib/gcc/arm-none-eabi/13.2.1/../../../../arm-none-eabi/lib/thumb/v6-m/nofp/libg.a(libc_a-memmove.o)
                              src/CMakeFiles/lab03.dir/Users/toddnielsen/.pico-sdk/sdk/2.0.0/lib/cyw43-driver/src/cyw43_ll.c.obj (memmove)
/Users/toddnielsen/.pico-sdk/toolchain/13_2_Rel1/bin/../lib/gcc/arm-none-eabi/13.2.1/../../../../arm-none-eabi/lib/thumb/v6-m/nofp/libg.a(libc_a-strncmp.o)
                              src/CMakeFiles/lab03.dir/Users/toddnielsen/.pico-sdk/sdk/2.0.0/lib/cyw43-driver/src/cyw43_ll.c.obj (strncmp)
/Users/toddnielsen/.pico-sdk/toolchain/13_2_Rel1/bin/../lib/gcc/arm-none-eabi/13.2.1/../../../../arm-none-eabi/lib/thumb/v6-m/nofp/libg.a(libc_a-lcltime_r.o)
                              src/CMakeFiles/lab03.dir/Users/toddnielsen/.pico-sdk/sdk/2.0.0/src/common/pico_util/datetime.c.obj (localtime_r)
/Users/toddnielsen/.pico-sdk/toolchain/13_2_Rel1/bin/../lib/gcc/arm-none-eabi/13.2.1/../../../../arm-none-eabi/lib/thumb/v6-m/nofp/libg.a(libc_a-mktime.o)
                              src/CMakeFiles/lab03.dir/Users/toddnielsen/.pico-sdk/sdk/2.0.0/src/common/pico_util/datetime.c.obj (mktime)
/Users/toddnielsen/.pico-sdk/toolchain/13_2_Rel1/bin/../lib/gcc/arm-none-eabi/13.2.1/../../../../arm-none-eabi/lib/thumb/v6-m/nofp/libg.a(libc_a-month_lengths.o)
                              /Users/toddnielsen/.pico-sdk/toolchain/13_2_Rel1/bin/../lib/gcc/arm-none-eabi/13.2.1/../../../../arm-none-eabi/lib/thumb/v6-m/nofp/libg.a(libc_a-lcltime_r.o) (__month_lengths)
/Users/toddnielsen/.pico-sdk/toolchain/13_2_Rel1/bin/../lib/gcc/arm-none-eabi/13.2.1/../../../../arm-none-eabi/lib/thumb/v6-m/nofp/libg.a(libc_a-tzcalc_limits.o)
                              /Users/toddnielsen/.pico-sdk/toolchain/13_2_Rel1/bin/../lib/gcc/arm-none-eabi/13.2.1/../../../../arm-none-eabi/lib/thumb/v6-m/nofp/libg.a(libc_a-lcltime_r.o) (__tzcalc_limits)
[...]
Memory Configuration

Name             Origin             Length             Attributes
FLASH            0x10000000         0x00200000         xr
RAM              0x20000000         0x00040000         xrw
SCRATCH_X        0x20040000         0x00001000         xrw
SCRATCH_Y        0x20041000         0x00001000         xrw
*default*        0x00000000         0xffffffff

Linker script and memory map

LOAD /Users/toddnielsen/.pico-sdk/toolchain/13_2_Rel1/bin/../lib/gcc/arm-none-eabi/13.2.1/thumb/v6-m/nofp/crti.o
LOAD /Users/toddnielsen/.pico-sdk/toolchain/13_2_Rel1/bin/../lib/gcc/arm-none-eabi/13.2.1/thumb/v6-m/nofp/crtbegin.o
LOAD /Users/toddnielsen/.pico-sdk/toolchain/13_2_Rel1/bin/../lib/gcc/arm-none-eabi/13.2.1/../../../../arm-none-eabi/lib/thumb/v6-m/nofp/crt0.o

.flash_begin    0x10000000        0x0
                0x10000000                        __flash_binary_start = .

.boot2          0x10000000      0x100
                0x10000000                        __boot2_start__ = .
 *(.boot2)
 .boot2         0x10000000      0x100 /var/folders/82/x1415qy57h78r72yscd8s_400000gn/T//ccmshgg5.o
                0x10000100                        __boot2_end__ = .
                0x00000001                        ASSERT (((__boot2_end__ - __boot2_start__) == 0x100), ERROR: Pico second stage bootloader must be 256 bytes in size)

.text           0x10000100     0xd860
                0x10000100                        __logical_binary_start = .
 *(.vectors)
 .vectors       0x10000100       0xd4 src/CMakeFiles/lab03.dir/Users/toddnielsen/.pico-sdk/sdk/2.0.0/src/rp2_common/pico_crt0/crt0.S.obj
                0x10000100                __VECTOR_TABLE
                0x10000100                __vectors
                0x100001c0                __default_isrs_start
                0x100001c0                isr_invalid
                0x100001c2                isr_nmi
                0x100001c4                isr_hardfault
                0x100001c6                isr_svcall
                0x100001c8                isr_pendsv
                0x100001ca                isr_systick
                0x100001cc                isr_irq28
                0x100001cc                isr_irq19
                0x100001cc                isr_irq0
                0x100001cc                isr_irq6
                0x100001cc                isr_irq22
                0x100001cc                isr_irq17
                0x100001cc                isr_irq14
                0x100001cc                isr_irq2
                0x100001cc                isr_irq10
                0x100001cc                isr_irq8
                0x100001cc                isr_irq24
                0x100001cc                isr_irq1
                0x100001cc                isr_irq7
                0x100001cc                isr_irq21
                0x100001cc                isr_irq20
                0x100001cc                isr_irq15
                0x100001cc                isr_irq25
                0x100001cc                isr_irq4
                0x100001cc                isr_irq16
                0x100001cc                isr_irq29
                0x100001cc                isr_irq26
                0x100001cc                __default_isrs_end
                0x100001cc                isr_irq3
                0x100001cc                isr_irq9
                0x100001cc                __unhandled_user_irq
                0x100001cc                isr_irq13
                0x100001cc                isr_irq27
                0x100001cc                isr_irq31
                0x100001cc                isr_irq5
                0x100001cc                isr_irq11
                0x100001cc                isr_irq23
                0x100001cc                isr_irq18
                0x100001cc                isr_irq30
                0x100001cc                isr_irq12
                0x100001d2                unhandled_user_irq_num_in_r0
 *(.binary_info_header)
 .binary_info_header
                0x100001d4       0x14 src/CMakeFiles/lab03.dir/Users/toddnielsen/.pico-sdk/sdk/2.0.0/src/rp2_common/pico_crt0/crt0.S.obj
                0x100001e8                        __binary_info_header_end = .
 *(.embedded_block)
                0x100001e8                        __embedded_block_end = .
 *(.reset)
 .reset         0x100001e8       0x9c src/CMakeFiles/lab03.dir/Users/toddnielsen/.pico-sdk/sdk/2.0.0/src/rp2_common/pico_crt0/crt0.S.obj
                0x100001e8                _entry_point
 *(.init)
 .init          0x10000284        0x4 /Users/toddnielsen/.pico-sdk/toolchain/13_2_Rel1/bin/../lib/gcc/arm-none-eabi/13.2.1/thumb/v6-m/nofp/crti.o
                0x10000284                _init
 *(EXCLUDE_FILE(*libm.a: *libc.a:*lib_a-mem*.o *libgcc.a:) .text*)
 .text.register_tm_clones
                0x10000288       0x28 /Users/toddnielsen/.pico-sdk/toolchain/13_2_Rel1/bin/../lib/gcc/arm-none-eabi/13.2.1/thumb/v6-m/nofp/crtbegin.o
 .text.frame_dummy
                0x100002b0       0x24 /Users/toddnielsen/.pico-sdk/toolchain/13_2_Rel1/bin/../lib/gcc/arm-none-eabi/13.2.1/thumb/v6-m/nofp/crtbegin.o
 .text.side_thread
                0x100002d4       0x2c src/CMakeFiles/lab03.dir/main.c.obj
                0x100002d4                side_thread
 .text.main_thread
                0x10000300       0x40 src/CMakeFiles/lab03.dir/main.c.obj
                0x10000300                main_thread
 .text.startup.main
                0x10000340       0x7c src/CMakeFiles/lab03.dir/main.c.obj
                0x10000340                main
 .text.do_loop  0x100003bc       0x34 src/CMakeFiles/lab03.dir/loop.c.obj
                0x100003bc                do_loop
 .text.gpio_set_function
                0x100003f0       0x34 src/CMakeFiles/lab03.dir/Users/toddnielsen/.pico-sdk/sdk/2.0.0/src/rp2_common/hardware_gpio/gpio.c.obj
                0x100003f0                gpio_set_function
 .text.gpio_set_pulls
                0x10000424       0x28 src/CMakeFiles/lab03.dir/Users/toddnielsen/.pico-sdk/sdk/2.0.0/src/rp2_common/hardware_gpio/gpio.c.obj
                0x10000424                gpio_set_pulls
 .text.gpio_set_input_hysteresis_enabled
                0x1000044c       0x28 src/CMakeFiles/lab03.dir/Users/toddnielsen/.pico-sdk/sdk/2.0.0/src/rp2_common/hardware_gpio/gpio.c.obj
                0x1000044c                gpio_set_input_hysteresis_enabled
 .text.gpio_set_irq_enabled
                0x10000474       0x58 src/CMakeFiles/lab03.dir/Users/toddnielsen/.pico-sdk/sdk/2.0.0/src/rp2_common/hardware_gpio/gpio.c.obj
                0x10000474                gpio_set_irq_enabled
 .text.gpio_add_raw_irq_handler_with_order_priority_masked
                0x100004cc       0x44 src/CMakeFiles/lab03.dir/Users/toddnielsen/.pico-sdk/sdk/2.0.0/src/rp2_common/hardware_gpio/gpio.c.obj
                0x100004cc                gpio_add_raw_irq_handler_with_order_priority_masked
 .text.gpio_remove_raw_irq_handler_masked
                0x10000510       0x20 src/CMakeFiles/lab03.dir/Users/toddnielsen/.pico-sdk/sdk/2.0.0/src/rp2_common/hardware_gpio/gpio.c.obj
                0x10000510                gpio_remove_raw_irq_handler_masked
 .text.gpio_init
                0x10000530       0x40 src/CMakeFiles/lab03.dir/Users/toddnielsen/.pico-sdk/sdk/2.0.0/src/rp2_common/hardware_gpio/gpio.c.obj
                0x10000530                gpio_init
 .text.rp2040_chip_version
                0x10000570        0xc src/CMakeFiles/lab03.dir/Users/toddnielsen/.pico-sdk/sdk/2.0.0/src/rp2040/pico_platform/platform.c.obj
                0x10000570                rp2040_chip_version
 .text.panic    0x1000057c       0x30 src/CMakeFiles/lab03.dir/Users/toddnielsen/.pico-sdk/sdk/2.0.0/src/rp2_common/pico_platform_panic/panic.c.obj
                0x1000057c                panic
 .text.panic_unsupported
                0x100005ac        0xc src/CMakeFiles/lab03.dir/Users/toddnielsen/.pico-sdk/sdk/2.0.0/src/rp2_common/pico_platform_panic/panic.c.obj
                0x100005ac                panic_unsupported
 .text.hw_claim_lock
                0x100005b8       0x18 src/CMakeFiles/lab03.dir/Users/toddnielsen/.pico-sdk/sdk/2.0.0/src/common/hardware_claim/claim.c.obj
                0x100005b8                hw_claim_lock
 .text.hw_claim_unlock
                0x100005d0       0x14 src/CMakeFiles/lab03.dir/Users/toddnielsen/.pico-sdk/sdk/2.0.0/src/common/hardware_claim/claim.c.obj
                0x100005d0                hw_claim_unlock
 .text.hw_claim_or_assert
                0x100005e4       0x44 src/CMakeFiles/lab03.dir/Users/toddnielsen/.pico-sdk/sdk/2.0.0/src/common/hardware_claim/claim.c.obj
                0x100005e4                hw_claim_or_assert
 .text.hw_claim_unused_from_range
                0x10000628       0x9c src/CMakeFiles/lab03.dir/Users/toddnielsen/.pico-sdk/sdk/2.0.0/src/common/hardware_claim/claim.c.obj
                0x10000628                hw_claim_unused_from_range
 .text.hw_claim_clear
                0x100006c4       0x38 src/CMakeFiles/lab03.dir/Users/toddnielsen/.pico-sdk/sdk/2.0.0/src/common/hardware_claim/claim.c.obj
                0x100006c4                hw_claim_clear
 .text.next_striped_spin_lock_num
                0x100006fc       0x18 src/CMakeFiles/lab03.dir/Users/toddnielsen/.pico-sdk/sdk/2.0.0/src/rp2_common/hardware_sync/sync.c.obj
                0x100006fc                next_striped_spin_lock_num
 .text.spin_lock_claim_unused
                0x10000714       0x24 src/CMakeFiles/lab03.dir/Users/toddnielsen/.pico-sdk/sdk/2.0.0/src/rp2_common/hardware_sync/sync.c.obj
                0x10000714                spin_lock_claim_unused
 .text.spin_locks_reset
                0x10000738       0x1c src/CMakeFiles/lab03.dir/Users/toddnielsen/.pico-sdk/sdk/2.0.0/src/rp2_common/hardware_sync_spin_lock/sync_spin_lock.c.obj
                0x10000738                spin_locks_reset
 .text.runtime_init_per_core_irq_priorities
                0x10000754       0x24 src/CMakeFiles/lab03.dir/Users/toddnielsen/.pico-sdk/sdk/2.0.0/src/rp2_common/hardware_irq/irq.c.obj
                0x10000754                runtime_init_per_core_irq_priorities
 .text.irq_set_enabled
                0x10000778       0x24 src/CMakeFiles/lab03.dir/Users/toddnielsen/.pico-sdk/sdk/2.0.0/src/rp2_common/hardware_irq/irq.c.obj
                0x10000778                irq_set_enabled
 .text.irq_is_enabled
                0x1000079c       0x18 src/CMakeFiles/lab03.dir/Users/toddnielsen/.pico-sdk/sdk/2.0.0/src/rp2_common/hardware_irq/irq.c.obj
                0x1000079c                irq_is_enabled
 .text.irq_set_pending
                0x100007b4       0x10 src/CMakeFiles/lab03.dir/Users/toddnielsen/.pico-sdk/sdk/2.0.0/src/rp2_common/hardware_irq/irq.c.obj
                0x100007b4                irq_set_pending
 .text.irq_has_shared_handler
                0x100007c4       0x2c src/CMakeFiles/lab03.dir/Users/toddnielsen/.pico-sdk/sdk/2.0.0/src/rp2_common/hardware_irq/irq.c.obj
                0x100007c4                irq_has_shared_handler
 .text.irq_set_exclusive_handler
                0x100007f0       0x54 src/CMakeFiles/lab03.dir/Users/toddnielsen/.pico-sdk/sdk/2.0.0/src/rp2_common/hardware_irq/irq.c.obj
                0x100007f0                irq_set_exclusive_handler
 .text.irq_add_shared_handler
                0x10000844      0x1f4 src/CMakeFiles/lab03.dir/Users/toddnielsen/.pico-sdk/sdk/2.0.0/src/rp2_common/hardware_irq/irq.c.obj
                0x10000844                irq_add_shared_handler
 .text.irq_remove_handler
                0x10000a38      0x1d4 src/CMakeFiles/lab03.dir/Users/toddnielsen/.pico-sdk/sdk/2.0.0/src/rp2_common/hardware_irq/irq.c.obj
                0x10000a38                irq_remove_handler
 .text.irq_set_priority
                0x10000c0c       0x28 src/CMakeFiles/lab03.dir/Users/toddnielsen/.pico-sdk/sdk/2.0.0/src/rp2_common/hardware_irq/irq.c.obj
                0x10000c0c                irq_set_priority
 .text.irq_add_tail_to_free_list
                0x10000c34       0xb4 src/CMakeFiles/lab03.dir/Users/toddnielsen/.pico-sdk/sdk/2.0.0/src/rp2_common/hardware_irq/irq.c.obj
                0x10000c34                irq_add_tail_to_free_list
 .text.user_irq_unclaim
                0x10000ce8       0x14 src/CMakeFiles/lab03.dir/Users/toddnielsen/.pico-sdk/sdk/2.0.0/src/rp2_common/hardware_irq/irq.c.obj
                0x10000ce8                user_irq_unclaim
 .text.user_irq_claim_unused
                0x10000cfc       0x2c src/CMakeFiles/lab03.dir/Users/toddnielsen/.pico-sdk/sdk/2.0.0/src/rp2_common/hardware_irq/irq.c.obj
                0x10000cfc                user_irq_claim_unused
 .text.sem_init
                0x10000d28       0x20 src/CMakeFiles/lab03.dir/Users/toddnielsen/.pico-sdk/sdk/2.0.0/src/common/pico_sync/sem.c.obj
                0x10000d28                sem_init
 .text.lock_init
                0x10000d48       0x10 src/CMakeFiles/lab03.dir/Users/toddnielsen/.pico-sdk/sdk/2.0.0/src/common/pico_sync/lock_core.c.obj
                0x10000d48                lock_init
 .text.runtime_init_mutex
                0x10000d58       0x54 src/CMakeFiles/lab03.dir/Users/toddnielsen/.pico-sdk/sdk/2.0.0/src/common/pico_sync/mutex.c.obj
                0x10000d58                runtime_init_mutex
 .text.mutex_init
                0x10000dac       0x1c src/CMakeFiles/lab03.dir/Users/toddnielsen/.pico-sdk/sdk/2.0.0/src/common/pico_sync/mutex.c.obj
                0x10000dac                mutex_init
 .text.recursive_mutex_init
                0x10000dc8       0x20 src/CMakeFiles/lab03.dir/Users/toddnielsen/.pico-sdk/sdk/2.0.0/src/common/pico_sync/mutex.c.obj
                0x10000dc8                recursive_mutex_init
 .text.critical_section_init
                0x10000de8       0x1c src/CMakeFiles/lab03.dir/Users/toddnielsen/.pico-sdk/sdk/2.0.0/src/common/pico_sync/critical_section.c.obj
                0x10000de8                critical_section_init
 .text.critical_section_init_with_lock_num
                0x10000e04       0x14 src/CMakeFiles/lab03.dir/Users/toddnielsen/.pico-sdk/sdk/2.0.0/src/common/pico_sync/critical_section.c.obj
                0x10000e04                critical_section_init_with_lock_num
 .text.alarm_pool_irq_handler
                0x10000e18      0x2e4 src/CMakeFiles/lab03.dir/Users/toddnielsen/.pico-sdk/sdk/2.0.0/src/common/pico_time/time.c.obj
 .text.sleep_until_callback
                0x100010fc       0x24 src/CMakeFiles/lab03.dir/Users/toddnielsen/.pico-sdk/sdk/2.0.0/src/common/pico_time/time.c.obj
 .text.runtime_init_default_alarm_pool
                0x10001120       0xdc src/CMakeFiles/lab03.dir/Users/toddnielsen/.pico-sdk/sdk/2.0.0/src/common/pico_time/time.c.obj
                0x10001120                runtime_init_default_alarm_pool
 .text.alarm_pool_get_default
                0x100011fc        0x8 src/CMakeFiles/lab03.dir/Users/toddnielsen/.pico-sdk/sdk/2.0.0/src/common/pico_time/time.c.obj
                0x100011fc                alarm_pool_get_default
 .text.alarm_pool_create_on_timer_with_unused_hardware_alarm
                0x10001204       0xa8 src/CMakeFiles/lab03.dir/Users/toddnielsen/.pico-sdk/sdk/2.0.0/src/common/pico_time/time.c.obj
                0x10001204                alarm_pool_create_on_timer_with_unused_hardware_alarm
 .text.alarm_pool_destroy
                0x100012ac       0x58 src/CMakeFiles/lab03.dir/Users/toddnielsen/.pico-sdk/sdk/2.0.0/src/common/pico_time/time.c.obj
                0x100012ac                alarm_pool_destroy
 .text.alarm_pool_add_alarm_at
                0x10001304       0xd4 src/CMakeFiles/lab03.dir/Users/toddnielsen/.pico-sdk/sdk/2.0.0/src/common/pico_time/time.c.obj
                0x10001304                alarm_pool_add_alarm_at
 .text.alarm_pool_add_alarm_at_force_in_context
                0x100013d8       0xb0 src/CMakeFiles/lab03.dir/Users/toddnielsen/.pico-sdk/sdk/2.0.0/src/common/pico_time/time.c.obj
                0x100013d8                alarm_pool_add_alarm_at_force_in_context
 .text.alarm_pool_cancel_alarm
                0x10001488       0x74 src/CMakeFiles/lab03.dir/Users/toddnielsen/.pico-sdk/sdk/2.0.0/src/common/pico_time/time.c.obj
                0x10001488                alarm_pool_cancel_alarm
 .text.alarm_pool_core_num
                0x100014fc        0x4 src/CMakeFiles/lab03.dir/Users/toddnielsen/.pico-sdk/sdk/2.0.0/src/common/pico_time/time.c.obj
                0x100014fc                alarm_pool_core_num
 .text.sleep_until
                0x10001500       0xcc src/CMakeFiles/lab03.dir/Users/toddnielsen/.pico-sdk/sdk/2.0.0/src/common/pico_time/time.c.obj
                0x10001500                sleep_until
 .text.sleep_ms
                0x100015cc       0x38 src/CMakeFiles/lab03.dir/Users/toddnielsen/.pico-sdk/sdk/2.0.0/src/common/pico_time/time.c.obj
                0x100015cc                sleep_ms
 .text.best_effort_wfe_or_timeout
                0x10001604      0x134 src/CMakeFiles/lab03.dir/Users/toddnielsen/.pico-sdk/sdk/2.0.0/src/common/pico_time/time.c.obj
                0x10001604                best_effort_wfe_or_timeout
 .text.alarm_pool_get_default_timer
                0x10001738        0x8 src/CMakeFiles/lab03.dir/Users/toddnielsen/.pico-sdk/sdk/2.0.0/src/common/pico_time/time.c.obj
                0x10001738                alarm_pool_get_default_timer
 .text.timer_hardware_alarm_claim
                0x10001740       0x14 src/CMakeFiles/lab03.dir/Users/toddnielsen/.pico-sdk/sdk/2.0.0/src/rp2_common/hardware_timer/timer.c.obj
                0x10001740                timer_hardware_alarm_claim
 .text.hardware_alarm_unclaim
                0x10001754       0x14 src/CMakeFiles/lab03.dir/Users/toddnielsen/.pico-sdk/sdk/2.0.0/src/rp2_common/hardware_timer/timer.c.obj
                0x10001754                hardware_alarm_unclaim
 .text.timer_hardware_alarm_claim_unused
                0x10001768       0x20 src/CMakeFiles/lab03.dir/Users/toddnielsen/.pico-sdk/sdk/2.0.0/src/rp2_common/hardware_timer/timer.c.obj
                0x10001768                timer_hardware_alarm_claim_unused
 .text.timer_time_us_64
                0x10001788       0x10 src/CMakeFiles/lab03.dir/Users/toddnielsen/.pico-sdk/sdk/2.0.0/src/rp2_common/hardware_timer/timer.c.obj
                0x10001788                timer_time_us_64
 .text.time_us_64
                0x10001798       0x14 src/CMakeFiles/lab03.dir/Users/toddnielsen/.pico-sdk/sdk/2.0.0/src/rp2_common/hardware_timer/timer.c.obj
                0x10001798                time_us_64
 .text.busy_wait_until
                0x100017ac       0x20 src/CMakeFiles/lab03.dir/Users/toddnielsen/.pico-sdk/sdk/2.0.0/src/rp2_common/hardware_timer/timer.c.obj
                0x100017ac                busy_wait_until
 .text.clock_configure_int_divider
                0x100017cc       0xf4 src/CMakeFiles/lab03.dir/Users/toddnielsen/.pico-sdk/sdk/2.0.0/src/rp2_common/hardware_clocks/clocks.c.obj
                0x100017cc                clock_configure_int_divider
 .text.clock_configure_undivided
                0x100018c0       0xe8 src/CMakeFiles/lab03.dir/Users/toddnielsen/.pico-sdk/sdk/2.0.0/src/rp2_common/hardware_clocks/clocks.c.obj
                0x100018c0                clock_configure_undivided
 .text.clock_get_hz
                0x100019a8        0xc src/CMakeFiles/lab03.dir/Users/toddnielsen/.pico-sdk/sdk/2.0.0/src/rp2_common/hardware_clocks/clocks.c.obj
                0x100019a8                clock_get_hz
 .text.pll_init
                0x100019b4       0xa4 src/CMakeFiles/lab03.dir/Users/toddnielsen/.pico-sdk/sdk/2.0.0/src/rp2_common/hardware_pll/pll.c.obj
                0x100019b4                pll_init
 .text.watchdog_reboot
                0x10001a58       0x9c src/CMakeFiles/lab03.dir/Users/toddnielsen/.pico-sdk/sdk/2.0.0/src/rp2_common/hardware_watchdog/watchdog.c.obj
                0x10001a58                watchdog_reboot
 .text.tick_start
                0x10001af4       0x10 src/CMakeFiles/lab03.dir/Users/toddnielsen/.pico-sdk/sdk/2.0.0/src/rp2_common/hardware_ticks/ticks.c.obj
                0x10001af4                tick_start
 .text.xosc_init
                0x10001b04       0x28 src/CMakeFiles/lab03.dir/Users/toddnielsen/.pico-sdk/sdk/2.0.0/src/rp2_common/hardware_xosc/xosc.c.obj
                0x10001b04                xosc_init
 .text.first_per_core_initializer
                0x10001b2c        0x4 src/CMakeFiles/lab03.dir/Users/toddnielsen/.pico-sdk/sdk/2.0.0/src/rp2_common/pico_runtime/runtime.c.obj
 .text.hard_assertion_failure
                0x10001b30        0xc src/CMakeFiles/lab03.dir/Users/toddnielsen/.pico-sdk/sdk/2.0.0/src/rp2_common/pico_runtime/runtime.c.obj
                0x10001b30                hard_assertion_failure
 .text.runtime_run_initializers
                0x10001b3c       0x28 src/CMakeFiles/lab03.dir/Users/toddnielsen/.pico-sdk/sdk/2.0.0/src/rp2_common/pico_runtime/runtime.c.obj
                0x10001b3c                runtime_run_initializers
 .text.runtime_init_early_resets
                0x10001b64       0x2c src/CMakeFiles/lab03.dir/Users/toddnielsen/.pico-sdk/sdk/2.0.0/src/rp2_common/pico_runtime_init/runtime_init.c.obj
                0x10001b64                runtime_init_early_resets
 .text.runtime_init_usb_power_down
                0x10001b90       0x1c src/CMakeFiles/lab03.dir/Users/toddnielsen/.pico-sdk/sdk/2.0.0/src/rp2_common/pico_runtime_init/runtime_init.c.obj
                0x10001b90                runtime_init_usb_power_down
 .text.runtime_init_post_clock_resets
                0x10001bac       0x20 src/CMakeFiles/lab03.dir/Users/toddnielsen/.pico-sdk/sdk/2.0.0/src/rp2_common/pico_runtime_init/runtime_init.c.obj
                0x10001bac                runtime_init_post_clock_resets
 .text.runtime_init_rp2040_gpio_ie_disable
                0x10001bcc       0x14 src/CMakeFiles/lab03.dir/Users/toddnielsen/.pico-sdk/sdk/2.0.0/src/rp2_common/pico_runtime_init/runtime_init.c.obj
                0x10001bcc                runtime_init_rp2040_gpio_ie_disable
 .text.runtime_init_spin_locks_reset
                0x10001be0        0x8 src/CMakeFiles/lab03.dir/Users/toddnielsen/.pico-sdk/sdk/2.0.0/src/rp2_common/pico_runtime_init/runtime_init.c.obj
                0x10001be0                runtime_init_spin_locks_reset
 .text.runtime_init_install_ram_vector_table
                0x10001be8       0x1c src/CMakeFiles/lab03.dir/Users/toddnielsen/.pico-sdk/sdk/2.0.0/src/rp2_common/pico_runtime_init/runtime_init.c.obj
                0x10001be8                runtime_init_install_ram_vector_table
 .text.runtime_init_clocks
                0x10001c04       0xd8 src/CMakeFiles/lab03.dir/Users/toddnielsen/.pico-sdk/sdk/2.0.0/src/rp2_common/pico_runtime_init/runtime_init_clocks.c.obj
                0x10001c04                runtime_init_clocks
 .text          0x10001cdc       0x10 src/CMakeFiles/lab03.dir/Users/toddnielsen/.pico-sdk/sdk/2.0.0/src/rp2_common/pico_bit_ops/bit_ops_aeabi.S.obj
 .text.ctzsi    0x10001cec        0xc src/CMakeFiles/lab03.dir/Users/toddnielsen/.pico-sdk/sdk/2.0.0/src/rp2_common/pico_bit_ops/bit_ops_aeabi.S.obj
                0x10001cec                __wrap___ctzsi2
 .text.rom_func_lookup
                0x10001cf8       0x10 src/CMakeFiles/lab03.dir/Users/toddnielsen/.pico-sdk/sdk/2.0.0/src/rp2_common/pico_bootrom/bootrom.c.obj
                0x10001cf8                rom_func_lookup
 .text.rom_data_lookup
                0x10001d08       0x10 src/CMakeFiles/lab03.dir/Users/toddnielsen/.pico-sdk/sdk/2.0.0/src/rp2_common/pico_bootrom/bootrom.c.obj
                0x10001d08                rom_data_lookup
 .text.rom_funcs_lookup
                0x10001d18       0x44 src/CMakeFiles/lab03.dir/Users/toddnielsen/.pico-sdk/sdk/2.0.0/src/rp2_common/pico_bootrom/bootrom.c.obj
                0x10001d18                rom_funcs_lookup
 .text.rom_reset_usb_boot
                0x10001d5c       0x20 src/CMakeFiles/lab03.dir/Users/toddnielsen/.pico-sdk/sdk/2.0.0/src/rp2_common/pico_bootrom/bootrom.c.obj
                0x10001d5c                rom_reset_usb_boot
 .text.__wrap___aeabi_idiv
                0x10001d7c       0x50 src/CMakeFiles/lab03.dir/Users/toddnielsen/.pico-sdk/sdk/2.0.0/src/rp2_common/pico_divider/divider_hardware.S.obj
                0x10001d7c                __wrap___aeabi_idivmod
                0x10001d7c                divmod_s32s32
                0x10001d7c                div_s32s32
                0x10001d7c                __wrap___aeabi_idiv
                0x10001d84                divmod_s32s32_unsafe
                0x10001db0                divmod_s32s32_savestate
 .text.__wrap___aeabi_uidiv
                0x10001dcc       0x4c src/CMakeFiles/lab03.dir/Users/toddnielsen/.pico-sdk/sdk/2.0.0/src/rp2_common/pico_divider/divider_hardware.S.obj
                0x10001dcc                __wrap___aeabi_uidiv
                0x10001dcc                __wrap___aeabi_uidivmod
                0x10001dcc                div_u32u32
                0x10001dcc                divmod_u32u32
                0x10001dd4                divmod_u32u32_unsafe
                0x10001dfc                divmod_u32u32_savestate
 .text.__wrap___aeabi_ldiv
                0x10001e18      0x424 src/CMakeFiles/lab03.dir/Users/toddnielsen/.pico-sdk/sdk/2.0.0/src/rp2_common/pico_divider/divider_hardware.S.obj
                0x10001e18                __wrap___aeabi_ldivmod
                0x10001e18                div_s64s64
                0x10001e18                divmod_s64s64
                0x10001e48                divmod_u64u64
                0x10001e48                div_u64u64
                0x10001e48                __wrap___aeabi_uldivmod
                0x10001e58                divmod_u64u64_savestate
                0x10001e78                divmod_s64s64_unsafe
                0x10001f00                divmod_u64u64_unsafe
 .text.__wrap___aeabi_darithmetic
                0x1000223c       0x60 src/CMakeFiles/lab03.dir/Users/toddnielsen/.pico-sdk/sdk/2.0.0/src/rp2_common/pico_double/double_aeabi_rp2040.S.obj
                0x1000223c                __wrap___aeabi_drsub
                0x10002242                __wrap___aeabi_dsub
                0x1000224c                __wrap___aeabi_dadd
                0x10002256                __wrap___aeabi_ddiv
                0x1000228a                __wrap___aeabi_dmul
 .text.__wrap___aeabi_cdcmple
                0x1000229c       0x6c src/CMakeFiles/lab03.dir/Users/toddnielsen/.pico-sdk/sdk/2.0.0/src/rp2_common/pico_double/double_aeabi_rp2040.S.obj
                0x1000229c                __wrap___aeabi_cdrcmple
                0x100022ac                __wrap___aeabi_cdcmple
                0x100022ac                __wrap___aeabi_cdcmpeq
 .text.__wrap___aeabi_dcmplt
                0x10002308        0xc src/CMakeFiles/lab03.dir/Users/toddnielsen/.pico-sdk/sdk/2.0.0/src/rp2_common/pico_double/double_aeabi_rp2040.S.obj
                0x10002308                __wrap___aeabi_dcmplt
 .text.__wrap___aeabi_dcmpge
                0x10002314       0x10 src/CMakeFiles/lab03.dir/Users/toddnielsen/.pico-sdk/sdk/2.0.0/src/rp2_common/pico_double/double_aeabi_rp2040.S.obj
                0x10002314                __wrap___aeabi_dcmpge
 .text.__wrap___aeabi_dcmpgt
                0x10002324        0xa src/CMakeFiles/lab03.dir/Users/toddnielsen/.pico-sdk/sdk/2.0.0/src/rp2_common/pico_double/double_aeabi_rp2040.S.obj
                0x10002324                __wrap___aeabi_dcmpgt
 .text.__wrap___aeabi_dcmpun
                0x1000232e       0x18 src/CMakeFiles/lab03.dir/Users/toddnielsen/.pico-sdk/sdk/2.0.0/src/rp2_common/pico_double/double_aeabi_rp2040.S.obj
                0x1000232e                __wrap___aeabi_dcmpun
 *fill*         0x10002346        0x2 
 .text.__wrap___aeabi_i2d
                0x10002348       0x38 src/CMakeFiles/lab03.dir/Users/toddnielsen/.pico-sdk/sdk/2.0.0/src/rp2_common/pico_double/double_aeabi_rp2040.S.obj
                0x10002348                __wrap___aeabi_ui2d
                0x10002350                __wrap___aeabi_i2d
 .text.__wrap___aeabi_d2iz
                0x10002380       0x48 src/CMakeFiles/lab03.dir/Users/toddnielsen/.pico-sdk/sdk/2.0.0/src/rp2_common/pico_double/double_aeabi_rp2040.S.obj
                0x10002380                __wrap___aeabi_d2iz
                0x10002380                double2int_z
 .text.__wrap___aeabi_d2uiz
                0x100023c8       0x10 src/CMakeFiles/lab03.dir/Users/toddnielsen/.pico-sdk/sdk/2.0.0/src/rp2_common/pico_double/double_aeabi_rp2040.S.obj
                0x100023c8                double2uint
                0x100023c8                __wrap___aeabi_d2uiz
 .text.missing_double_func_shim
                0x100023d8        0xc src/CMakeFiles/lab03.dir/Users/toddnielsen/.pico-sdk/sdk/2.0.0/src/rp2_common/pico_double/double_init_rom_rp2040.c.obj
 .text.__aeabi_double_init
                0x100023e4       0xa0 src/CMakeFiles/lab03.dir/Users/toddnielsen/.pico-sdk/sdk/2.0.0/src/rp2_common/pico_double/double_init_rom_rp2040.c.obj
                0x100023e4                __aeabi_double_init
 .text.double_table_shim_on_use_helper
                0x10002484       0x2c src/CMakeFiles/lab03.dir/Users/toddnielsen/.pico-sdk/sdk/2.0.0/src/rp2_common/pico_double/double_v1_rom_shim_rp2040.S.obj
                0x10002484                double_table_shim_on_use_helper
 .text.__aeabi_lmul
                0x100024b0       0x32 src/CMakeFiles/lab03.dir/Users/toddnielsen/.pico-sdk/sdk/2.0.0/src/rp2_common/pico_int64_ops/pico_int64_ops_aeabi.S.obj
                0x100024b0                __wrap___aeabi_lmul
 *fill*         0x100024e2        0x2 
 .text.missing_float_func_shim
                0x100024e4        0xc src/CMakeFiles/lab03.dir/Users/toddnielsen/.pico-sdk/sdk/2.0.0/src/rp2_common/pico_float/float_init_rom_rp2040.c.obj
 .text.__aeabi_float_init
                0x100024f0       0x5c src/CMakeFiles/lab03.dir/Users/toddnielsen/.pico-sdk/sdk/2.0.0/src/rp2_common/pico_float/float_init_rom_rp2040.c.obj
                0x100024f0                __aeabi_float_init
 .text.__wrap_malloc
                0x1000254c       0x3c src/CMakeFiles/lab03.dir/Users/toddnielsen/.pico-sdk/sdk/2.0.0/src/rp2_common/pico_malloc/malloc.c.obj
                0x1000254c                __wrap_malloc
 .text.__wrap_calloc
                0x10002588       0x44 src/CMakeFiles/lab03.dir/Users/toddnielsen/.pico-sdk/sdk/2.0.0/src/rp2_common/pico_malloc/malloc.c.obj
                0x10002588                __wrap_calloc
 .text.__wrap_free
                0x100025cc       0x20 src/CMakeFiles/lab03.dir/Users/toddnielsen/.pico-sdk/sdk/2.0.0/src/rp2_common/pico_malloc/malloc.c.obj
                0x100025cc                __wrap_free
 .text          0x100025ec       0x10 src/CMakeFiles/lab03.dir/Users/toddnielsen/.pico-sdk/sdk/2.0.0/src/rp2_common/pico_mem_ops/mem_ops_aeabi.S.obj
                0x100025ec                __aeabi_mem_init
 .text.memset   0x100025fc        0xc src/CMakeFiles/lab03.dir/Users/toddnielsen/.pico-sdk/sdk/2.0.0/src/rp2_common/pico_mem_ops/mem_ops_aeabi.S.obj
                0x100025fc                __wrap_memset
 .text.memcpy   0x10002608        0xc src/CMakeFiles/lab03.dir/Users/toddnielsen/.pico-sdk/sdk/2.0.0/src/rp2_common/pico_mem_ops/mem_ops_aeabi.S.obj
                0x10002608                __wrap___aeabi_memcpy
                0x10002608                __wrap_memcpy
 .text._out_null
                0x10002614        0x4 src/CMakeFiles/lab03.dir/Users/toddnielsen/.pico-sdk/sdk/2.0.0/src/rp2_common/pico_printf/printf.c.obj
 .text._out_rev
                0x10002618       0xac src/CMakeFiles/lab03.dir/Users/toddnielsen/.pico-sdk/sdk/2.0.0/src/rp2_common/pico_printf/printf.c.obj
 .text._ntoa_format
                0x100026c4      0x250 src/CMakeFiles/lab03.dir/Users/toddnielsen/.pico-sdk/sdk/2.0.0/src/rp2_common/pico_printf/printf.c.obj
 .text._out_char
                0x10002914       0x10 src/CMakeFiles/lab03.dir/Users/toddnielsen/.pico-sdk/sdk/2.0.0/src/rp2_common/pico_printf/printf.c.obj
 .text._out_fct
                0x10002924       0x10 src/CMakeFiles/lab03.dir/Users/toddnielsen/.pico-sdk/sdk/2.0.0/src/rp2_common/pico_printf/printf.c.obj
 .text._etoa    0x10002934      0x464 src/CMakeFiles/lab03.dir/Users/toddnielsen/.pico-sdk/sdk/2.0.0/src/rp2_common/pico_printf/printf.c.obj
 .text._ftoa    0x10002d98      0x3c0 src/CMakeFiles/lab03.dir/Users/toddnielsen/.pico-sdk/sdk/2.0.0/src/rp2_common/pico_printf/printf.c.obj
 .text._vsnprintf
                0x10003158      0xbc8 src/CMakeFiles/lab03.dir/Users/toddnielsen/.pico-sdk/sdk/2.0.0/src/rp2_common/pico_printf/printf.c.obj
 .text.vfctprintf
                0x10003d20       0x20 src/CMakeFiles/lab03.dir/Users/toddnielsen/.pico-sdk/sdk/2.0.0/src/rp2_common/pico_printf/printf.c.obj
                0x10003d20                vfctprintf
 .text.weak_raw_vprintf
                0x10003d40       0x30 src/CMakeFiles/lab03.dir/Users/toddnielsen/.pico-sdk/sdk/2.0.0/src/rp2_common/pico_printf/printf.c.obj
                0x10003d40                weak_raw_vprintf
 .text._exit    0x10003d70        0xc src/CMakeFiles/lab03.dir/Users/toddnielsen/.pico-sdk/sdk/2.0.0/src/rp2_common/pico_clib_interface/newlib_interface.c.obj
                0x10003d70                _exit
 .text._sbrk    0x10003d7c       0x34 src/CMakeFiles/lab03.dir/Users/toddnielsen/.pico-sdk/sdk/2.0.0/src/rp2_common/pico_clib_interface/newlib_interface.c.obj
                0x10003d7c                _sbrk
 .text.exit     0x10003db0        0x8 src/CMakeFiles/lab03.dir/Users/toddnielsen/.pico-sdk/sdk/2.0.0/src/rp2_common/pico_clib_interface/newlib_interface.c.obj
                0x10003db0                exit
 .text.runtime_init
                0x10003db8       0x2c src/CMakeFiles/lab03.dir/Users/toddnielsen/.pico-sdk/sdk/2.0.0/src/rp2_common/pico_clib_interface/newlib_interface.c.obj
                0x10003db8                runtime_init
 .text.stdio_out_chars_no_crlf
                0x10003de4       0x10 src/CMakeFiles/lab03.dir/Users/toddnielsen/.pico-sdk/sdk/2.0.0/src/rp2_common/pico_stdio/stdio.c.obj
 .text.stdio_out_chars_crlf
                0x10003df4       0x94 src/CMakeFiles/lab03.dir/Users/toddnielsen/.pico-sdk/sdk/2.0.0/src/rp2_common/pico_stdio/stdio.c.obj
 .text.stdio_buffered_printer
                0x10003e88       0x64 src/CMakeFiles/lab03.dir/Users/toddnielsen/.pico-sdk/sdk/2.0.0/src/rp2_common/pico_stdio/stdio.c.obj
 .text.stdio_put_string
                0x10003eec      0x100 src/CMakeFiles/lab03.dir/Users/toddnielsen/.pico-sdk/sdk/2.0.0/src/rp2_common/pico_stdio/stdio.c.obj
                0x10003eec                stdio_put_string
 .text.stdio_set_driver_enabled
                0x10003fec       0x30 src/CMakeFiles/lab03.dir/Users/toddnielsen/.pico-sdk/sdk/2.0.0/src/rp2_common/pico_stdio/stdio.c.obj
                0x10003fec                stdio_set_driver_enabled
 .text.stdio_init_all
                0x1000401c        0x8 src/CMakeFiles/lab03.dir/Users/toddnielsen/.pico-sdk/sdk/2.0.0/src/rp2_common/pico_stdio/stdio.c.obj
                0x1000401c                stdio_init_all
 .text.__wrap_putchar
                0x10004024       0x98 src/CMakeFiles/lab03.dir/Users/toddnielsen/.pico-sdk/sdk/2.0.0/src/rp2_common/pico_stdio/stdio.c.obj
                0x10004024                stdio_putchar
                0x10004024                __wrap_putchar
 .text.__wrap_puts
                0x100040bc       0x3c src/CMakeFiles/lab03.dir/Users/toddnielsen/.pico-sdk/sdk/2.0.0/src/rp2_common/pico_stdio/stdio.c.obj
                0x100040bc                __wrap_puts
                0x100040bc                stdio_puts
 .text.__wrap_vprintf
                0x100040f8       0xd4 src/CMakeFiles/lab03.dir/Users/toddnielsen/.pico-sdk/sdk/2.0.0/src/rp2_common/pico_stdio/stdio.c.obj
                0x100040f8                __wrap_vprintf
                0x100040f8                stdio_vprintf
 .text.__wrap_printf
                0x100041cc       0x18 src/CMakeFiles/lab03.dir/Users/toddnielsen/.pico-sdk/sdk/2.0.0/src/rp2_common/pico_stdio/stdio.c.obj
                0x100041cc                stdio_printf
                0x100041cc                __wrap_printf
 .text.resetd_init
                0x100041e4        0x4 src/CMakeFiles/lab03.dir/Users/toddnielsen/.pico-sdk/sdk/2.0.0/src/rp2_common/pico_stdio_usb/reset_interface.c.obj
 .text.resetd_reset
                0x100041e8        0xc src/CMakeFiles/lab03.dir/Users/toddnielsen/.pico-sdk/sdk/2.0.0/src/rp2_common/pico_stdio_usb/reset_interface.c.obj
 .text.resetd_open
                0x100041f4       0x28 src/CMakeFiles/lab03.dir/Users/toddnielsen/.pico-sdk/sdk/2.0.0/src/rp2_common/pico_stdio_usb/reset_interface.c.obj
 .text.resetd_xfer_cb
                0x1000421c        0x4 src/CMakeFiles/lab03.dir/Users/toddnielsen/.pico-sdk/sdk/2.0.0/src/rp2_common/pico_stdio_usb/reset_interface.c.obj
 .text.resetd_control_xfer_cb
                0x10004220       0x54 src/CMakeFiles/lab03.dir/Users/toddnielsen/.pico-sdk/sdk/2.0.0/src/rp2_common/pico_stdio_usb/reset_interface.c.obj
 .text.tud_descriptor_bos_cb
                0x10004274        0x8 src/CMakeFiles/lab03.dir/Users/toddnielsen/.pico-sdk/sdk/2.0.0/src/rp2_common/pico_stdio_usb/reset_interface.c.obj
                0x10004274                tud_descriptor_bos_cb
 .text.tud_vendor_control_xfer_cb
                0x1000427c       0x34 src/CMakeFiles/lab03.dir/Users/toddnielsen/.pico-sdk/sdk/2.0.0/src/rp2_common/pico_stdio_usb/reset_interface.c.obj
                0x1000427c                tud_vendor_control_xfer_cb
 .text.usbd_app_driver_get_cb
                0x100042b0        0xc src/CMakeFiles/lab03.dir/Users/toddnielsen/.pico-sdk/sdk/2.0.0/src/rp2_common/pico_stdio_usb/reset_interface.c.obj
                0x100042b0                usbd_app_driver_get_cb
 .text.tud_cdc_line_coding_cb
                0x100042bc       0x28 src/CMakeFiles/lab03.dir/Users/toddnielsen/.pico-sdk/sdk/2.0.0/src/rp2_common/pico_stdio_usb/reset_interface.c.obj
                0x100042bc                tud_cdc_line_coding_cb
 .text.stdio_usb_set_chars_available_callback
                0x100042e4       0x14 src/CMakeFiles/lab03.dir/Users/toddnielsen/.pico-sdk/sdk/2.0.0/src/rp2_common/pico_stdio_usb/stdio_usb.c.obj
                0x100042e4                stdio_usb_set_chars_available_callback
 .text.usb_irq  0x100042f8       0x10 src/CMakeFiles/lab03.dir/Users/toddnielsen/.pico-sdk/sdk/2.0.0/src/rp2_common/pico_stdio_usb/stdio_usb.c.obj
 .text.timer_task
                0x10004308       0x64 src/CMakeFiles/lab03.dir/Users/toddnielsen/.pico-sdk/sdk/2.0.0/src/rp2_common/pico_stdio_usb/stdio_usb.c.obj
 .text.stdio_usb_in_chars
                0x1000436c       0x90 src/CMakeFiles/lab03.dir/Users/toddnielsen/.pico-sdk/sdk/2.0.0/src/rp2_common/pico_stdio_usb/stdio_usb.c.obj
                0x1000436c                stdio_usb_in_chars
 .text.stdio_usb_out_flush
                0x100043fc       0x50 src/CMakeFiles/lab03.dir/Users/toddnielsen/.pico-sdk/sdk/2.0.0/src/rp2_common/pico_stdio_usb/stdio_usb.c.obj
 .text.stdio_usb_out_chars
                0x1000444c      0x104 src/CMakeFiles/lab03.dir/Users/toddnielsen/.pico-sdk/sdk/2.0.0/src/rp2_common/pico_stdio_usb/stdio_usb.c.obj
 .text.low_priority_worker_irq
                0x10004550       0xcc src/CMakeFiles/lab03.dir/Users/toddnielsen/.pico-sdk/sdk/2.0.0/src/rp2_common/pico_stdio_usb/stdio_usb.c.obj
 .text.stdio_usb_init
                0x1000461c       0xe8 src/CMakeFiles/lab03.dir/Users/toddnielsen/.pico-sdk/sdk/2.0.0/src/rp2_common/pico_stdio_usb/stdio_usb.c.obj
                0x1000461c                stdio_usb_init
 .text.tud_descriptor_device_cb
                0x10004704        0x8 src/CMakeFiles/lab03.dir/Users/toddnielsen/.pico-sdk/sdk/2.0.0/src/rp2_common/pico_stdio_usb/stdio_usb_descriptors.c.obj
                0x10004704                tud_descriptor_device_cb
 .text.tud_descriptor_configuration_cb
                0x1000470c        0x8 src/CMakeFiles/lab03.dir/Users/toddnielsen/.pico-sdk/sdk/2.0.0/src/rp2_common/pico_stdio_usb/stdio_usb_descriptors.c.obj
                0x1000470c                tud_descriptor_configuration_cb
 .text.tud_descriptor_string_cb
                0x10004714       0x78 src/CMakeFiles/lab03.dir/Users/toddnielsen/.pico-sdk/sdk/2.0.0/src/rp2_common/pico_stdio_usb/stdio_usb_descriptors.c.obj
                0x10004714                tud_descriptor_string_cb
 .text.startup._retrieve_unique_id_on_boot
                0x1000478c       0x10 src/CMakeFiles/lab03.dir/Users/toddnielsen/.pico-sdk/sdk/2.0.0/src/rp2_common/pico_unique_id/unique_id.c.obj
 .text.pico_get_unique_board_id
                0x1000479c       0x10 src/CMakeFiles/lab03.dir/Users/toddnielsen/.pico-sdk/sdk/2.0.0/src/rp2_common/pico_unique_id/unique_id.c.obj
                0x1000479c                pico_get_unique_board_id
 .text.pico_get_unique_board_id_string
                0x100047ac      0x1a8 src/CMakeFiles/lab03.dir/Users/toddnielsen/.pico-sdk/sdk/2.0.0/src/rp2_common/pico_unique_id/unique_id.c.obj
                0x100047ac                pico_get_unique_board_id_string
 .text.flash_get_unique_id
                0x10004954       0x3c src/CMakeFiles/lab03.dir/Users/toddnielsen/.pico-sdk/sdk/2.0.0/src/rp2_common/hardware_flash/flash.c.obj
                0x10004954                flash_get_unique_id
 .text.dcd_init
                0x10004990       0x8c src/CMakeFiles/lab03.dir/Users/toddnielsen/.pico-sdk/sdk/2.0.0/lib/tinyusb/src/portable/raspberrypi/rp2040/dcd_rp2040.c.obj
                0x10004990                dcd_init
 .text.dcd_int_enable
                0x10004a1c        0xc src/CMakeFiles/lab03.dir/Users/toddnielsen/.pico-sdk/sdk/2.0.0/lib/tinyusb/src/portable/raspberrypi/rp2040/dcd_rp2040.c.obj
                0x10004a1c                dcd_int_enable
 .text.dcd_set_address
                0x10004a28       0x14 src/CMakeFiles/lab03.dir/Users/toddnielsen/.pico-sdk/sdk/2.0.0/lib/tinyusb/src/portable/raspberrypi/rp2040/dcd_rp2040.c.obj
                0x10004a28                dcd_set_address
 .text.dcd_sof_enable
                0x10004a3c       0x1c src/CMakeFiles/lab03.dir/Users/toddnielsen/.pico-sdk/sdk/2.0.0/lib/tinyusb/src/portable/raspberrypi/rp2040/dcd_rp2040.c.obj
                0x10004a3c                dcd_sof_enable
 .text.dcd_edpt0_status_complete
                0x10004a58       0x1c src/CMakeFiles/lab03.dir/Users/toddnielsen/.pico-sdk/sdk/2.0.0/lib/tinyusb/src/portable/raspberrypi/rp2040/dcd_rp2040.c.obj
                0x10004a58                dcd_edpt0_status_complete
 .text.dcd_edpt_open
                0x10004a74      0x108 src/CMakeFiles/lab03.dir/Users/toddnielsen/.pico-sdk/sdk/2.0.0/lib/tinyusb/src/portable/raspberrypi/rp2040/dcd_rp2040.c.obj
                0x10004a74                dcd_edpt_open
 .text.dcd_edpt_close_all
                0x10004b7c        0x8 src/CMakeFiles/lab03.dir/Users/toddnielsen/.pico-sdk/sdk/2.0.0/lib/tinyusb/src/portable/raspberrypi/rp2040/dcd_rp2040.c.obj
                0x10004b7c                dcd_edpt_close_all
 .text.dcd_edpt_xfer
                0x10004b84       0x24 src/CMakeFiles/lab03.dir/Users/toddnielsen/.pico-sdk/sdk/2.0.0/lib/tinyusb/src/portable/raspberrypi/rp2040/dcd_rp2040.c.obj
                0x10004b84                dcd_edpt_xfer
 .text.dcd_edpt_stall
                0x10004ba8       0x34 src/CMakeFiles/lab03.dir/Users/toddnielsen/.pico-sdk/sdk/2.0.0/lib/tinyusb/src/portable/raspberrypi/rp2040/dcd_rp2040.c.obj
                0x10004ba8                dcd_edpt_stall
 .text.dcd_edpt_clear_stall
                0x10004bdc       0x30 src/CMakeFiles/lab03.dir/Users/toddnielsen/.pico-sdk/sdk/2.0.0/lib/tinyusb/src/portable/raspberrypi/rp2040/dcd_rp2040.c.obj
                0x10004bdc                dcd_edpt_clear_stall
 .text.rp2040_usb_init
                0x10004c0c       0x40 src/CMakeFiles/lab03.dir/Users/toddnielsen/.pico-sdk/sdk/2.0.0/lib/tinyusb/src/portable/raspberrypi/rp2040/rp2040_usb.c.obj
                0x10004c0c                rp2040_usb_init
 .text.hw_endpoint_xfer_start
                0x10004c4c       0x40 src/CMakeFiles/lab03.dir/Users/toddnielsen/.pico-sdk/sdk/2.0.0/lib/tinyusb/src/portable/raspberrypi/rp2040/rp2040_usb.c.obj
                0x10004c4c                hw_endpoint_xfer_start
 .text.tud_event_hook_cb
                0x10004c8c        0x4 src/CMakeFiles/lab03.dir/Users/toddnielsen/.pico-sdk/sdk/2.0.0/lib/tinyusb/src/device/usbd.c.obj
                0x10004c8c                tud_event_hook_cb
 .text.tud_sof_cb
                0x10004c90        0x4 src/CMakeFiles/lab03.dir/Users/toddnielsen/.pico-sdk/sdk/2.0.0/lib/tinyusb/src/device/usbd.c.obj
                0x10004c90                tud_sof_cb
 .text.tud_descriptor_device_qualifier_cb
                0x10004c94        0x4 src/CMakeFiles/lab03.dir/Users/toddnielsen/.pico-sdk/sdk/2.0.0/lib/tinyusb/src/device/usbd.c.obj
                0x10004c94                tud_descriptor_device_qualifier_cb
 .text.tud_descriptor_other_speed_configuration_cb
                0x10004c98        0x4 src/CMakeFiles/lab03.dir/Users/toddnielsen/.pico-sdk/sdk/2.0.0/lib/tinyusb/src/device/usbd.c.obj
                0x10004c98                tud_descriptor_other_speed_configuration_cb
 .text.tud_mount_cb
                0x10004c9c        0x4 src/CMakeFiles/lab03.dir/Users/toddnielsen/.pico-sdk/sdk/2.0.0/lib/tinyusb/src/device/usbd.c.obj
                0x10004c9c                tud_mount_cb
 .text.tud_umount_cb
                0x10004ca0        0x4 src/CMakeFiles/lab03.dir/Users/toddnielsen/.pico-sdk/sdk/2.0.0/lib/tinyusb/src/device/usbd.c.obj
                0x10004ca0                tud_umount_cb
 .text.tud_suspend_cb
                0x10004ca4        0x4 src/CMakeFiles/lab03.dir/Users/toddnielsen/.pico-sdk/sdk/2.0.0/lib/tinyusb/src/device/usbd.c.obj
                0x10004ca4                tud_suspend_cb
 .text.tud_resume_cb
                0x10004ca8        0x4 src/CMakeFiles/lab03.dir/Users/toddnielsen/.pico-sdk/sdk/2.0.0/lib/tinyusb/src/device/usbd.c.obj
                0x10004ca8                tud_resume_cb
 .text.tud_mounted
                0x10004cac       0x10 src/CMakeFiles/lab03.dir/Users/toddnielsen/.pico-sdk/sdk/2.0.0/lib/tinyusb/src/device/usbd.c.obj
                0x10004cac                tud_mounted
 .text.tud_suspended
                0x10004cbc       0x10 src/CMakeFiles/lab03.dir/Users/toddnielsen/.pico-sdk/sdk/2.0.0/lib/tinyusb/src/device/usbd.c.obj
                0x10004cbc                tud_suspended
 .text.tud_init
                0x10004ccc       0xe4 src/CMakeFiles/lab03.dir/Users/toddnielsen/.pico-sdk/sdk/2.0.0/lib/tinyusb/src/device/usbd.c.obj
                0x10004ccc                tud_init
 .text.tud_task_ext
                0x10004db0      0x800 src/CMakeFiles/lab03.dir/Users/toddnielsen/.pico-sdk/sdk/2.0.0/lib/tinyusb/src/device/usbd.c.obj
                0x10004db0                tud_task_ext
 .text.usbd_open_edpt_pair
                0x100055b0       0x9c src/CMakeFiles/lab03.dir/Users/toddnielsen/.pico-sdk/sdk/2.0.0/lib/tinyusb/src/device/usbd.c.obj
                0x100055b0                usbd_open_edpt_pair
 .text.usbd_edpt_open
                0x1000564c       0x34 src/CMakeFiles/lab03.dir/Users/toddnielsen/.pico-sdk/sdk/2.0.0/lib/tinyusb/src/device/usbd.c.obj
                0x1000564c                usbd_edpt_open
 .text.usbd_edpt_claim
                0x10005680       0x28 src/CMakeFiles/lab03.dir/Users/toddnielsen/.pico-sdk/sdk/2.0.0/lib/tinyusb/src/device/usbd.c.obj
                0x10005680                usbd_edpt_claim
 .text.usbd_edpt_release
                0x100056a8       0x28 src/CMakeFiles/lab03.dir/Users/toddnielsen/.pico-sdk/sdk/2.0.0/lib/tinyusb/src/device/usbd.c.obj
                0x100056a8                usbd_edpt_release
 .text.usbd_edpt_xfer
                0x100056d0       0x4c src/CMakeFiles/lab03.dir/Users/toddnielsen/.pico-sdk/sdk/2.0.0/lib/tinyusb/src/device/usbd.c.obj
                0x100056d0                usbd_edpt_xfer
 .text.tud_control_status
                0x1000571c       0x2c src/CMakeFiles/lab03.dir/Users/toddnielsen/.pico-sdk/sdk/2.0.0/lib/tinyusb/src/device/usbd_control.c.obj
                0x1000571c                tud_control_status
 .text.tud_control_xfer
                0x10005748       0xac src/CMakeFiles/lab03.dir/Users/toddnielsen/.pico-sdk/sdk/2.0.0/lib/tinyusb/src/device/usbd_control.c.obj
                0x10005748                tud_control_xfer
 .text.usbd_control_reset
                0x100057f4       0x14 src/CMakeFiles/lab03.dir/Users/toddnielsen/.pico-sdk/sdk/2.0.0/lib/tinyusb/src/device/usbd_control.c.obj
                0x100057f4                usbd_control_reset
 .text.usbd_control_set_complete_callback
                0x10005808        0xc src/CMakeFiles/lab03.dir/Users/toddnielsen/.pico-sdk/sdk/2.0.0/lib/tinyusb/src/device/usbd_control.c.obj
                0x10005808                usbd_control_set_complete_callback
 .text.usbd_control_set_request
                0x10005814       0x1c src/CMakeFiles/lab03.dir/Users/toddnielsen/.pico-sdk/sdk/2.0.0/lib/tinyusb/src/device/usbd_control.c.obj
                0x10005814                usbd_control_set_request
 .text.usbd_control_xfer_cb
                0x10005830       0xec src/CMakeFiles/lab03.dir/Users/toddnielsen/.pico-sdk/sdk/2.0.0/lib/tinyusb/src/device/usbd_control.c.obj
                0x10005830                usbd_control_xfer_cb
 .text._prep_out_transaction.isra.0
                0x1000591c       0x5c src/CMakeFiles/lab03.dir/Users/toddnielsen/.pico-sdk/sdk/2.0.0/lib/tinyusb/src/class/cdc/cdc_device.c.obj
 .text.tud_cdc_n_connected
                0x10005978       0x30 src/CMakeFiles/lab03.dir/Users/toddnielsen/.pico-sdk/sdk/2.0.0/lib/tinyusb/src/class/cdc/cdc_device.c.obj
                0x10005978                tud_cdc_n_connected
 .text.tud_cdc_n_available
                0x100059a8       0x18 src/CMakeFiles/lab03.dir/Users/toddnielsen/.pico-sdk/sdk/2.0.0/lib/tinyusb/src/class/cdc/cdc_device.c.obj
                0x100059a8                tud_cdc_n_available
 .text.tud_cdc_n_read
                0x100059c0       0x98 src/CMakeFiles/lab03.dir/Users/toddnielsen/.pico-sdk/sdk/2.0.0/lib/tinyusb/src/class/cdc/cdc_device.c.obj
                0x100059c0                tud_cdc_n_read
 .text.tud_cdc_n_write_flush
                0x10005a58       0x78 src/CMakeFiles/lab03.dir/Users/toddnielsen/.pico-sdk/sdk/2.0.0/lib/tinyusb/src/class/cdc/cdc_device.c.obj
                0x10005a58                tud_cdc_n_write_flush
 .text.tud_cdc_n_write
                0x10005ad0       0x40 src/CMakeFiles/lab03.dir/Users/toddnielsen/.pico-sdk/sdk/2.0.0/lib/tinyusb/src/class/cdc/cdc_device.c.obj
                0x10005ad0                tud_cdc_n_write
 .text.tud_cdc_n_write_available
                0x10005b10       0x18 src/CMakeFiles/lab03.dir/Users/toddnielsen/.pico-sdk/sdk/2.0.0/lib/tinyusb/src/class/cdc/cdc_device.c.obj
                0x10005b10                tud_cdc_n_write_available
 .text.cdcd_init
                0x10005b28       0x7c src/CMakeFiles/lab03.dir/Users/toddnielsen/.pico-sdk/sdk/2.0.0/lib/tinyusb/src/class/cdc/cdc_device.c.obj
                0x10005b28                cdcd_init
 .text.cdcd_deinit
                0x10005ba4       0x34 src/CMakeFiles/lab03.dir/Users/toddnielsen/.pico-sdk/sdk/2.0.0/lib/tinyusb/src/class/cdc/cdc_device.c.obj
                0x10005ba4                cdcd_deinit
 .text.cdcd_reset
                0x10005bd8       0x4c src/CMakeFiles/lab03.dir/Users/toddnielsen/.pico-sdk/sdk/2.0.0/lib/tinyusb/src/class/cdc/cdc_device.c.obj
                0x10005bd8                cdcd_reset
 .text.cdcd_open
                0x10005c24       0xb0 src/CMakeFiles/lab03.dir/Users/toddnielsen/.pico-sdk/sdk/2.0.0/lib/tinyusb/src/class/cdc/cdc_device.c.obj
                0x10005c24                cdcd_open
 .text.cdcd_control_xfer_cb
                0x10005cd4       0xe4 src/CMakeFiles/lab03.dir/Users/toddnielsen/.pico-sdk/sdk/2.0.0/lib/tinyusb/src/class/cdc/cdc_device.c.obj
                0x10005cd4                cdcd_control_xfer_cb
 .text.cdcd_xfer_cb
                0x10005db8      0x100 src/CMakeFiles/lab03.dir/Users/toddnielsen/.pico-sdk/sdk/2.0.0/lib/tinyusb/src/class/cdc/cdc_device.c.obj
                0x10005db8                cdcd_xfer_cb
 .text.tud_vendor_n_write_flush
                0x10005eb8       0x78 src/CMakeFiles/lab03.dir/Users/toddnielsen/.pico-sdk/sdk/2.0.0/lib/tinyusb/src/class/vendor/vendor_device.c.obj
                0x10005eb8                tud_vendor_n_write_flush
 .text.vendord_init
                0x10005f30       0x64 src/CMakeFiles/lab03.dir/Users/toddnielsen/.pico-sdk/sdk/2.0.0/lib/tinyusb/src/class/vendor/vendor_device.c.obj
                0x10005f30                vendord_init
 .text.vendord_deinit
                0x10005f94       0x34 src/CMakeFiles/lab03.dir/Users/toddnielsen/.pico-sdk/sdk/2.0.0/lib/tinyusb/src/class/vendor/vendor_device.c.obj
                0x10005f94                vendord_deinit
 .text.vendord_reset
                0x10005fc8       0x1c src/CMakeFiles/lab03.dir/Users/toddnielsen/.pico-sdk/sdk/2.0.0/lib/tinyusb/src/class/vendor/vendor_device.c.obj
                0x10005fc8                vendord_reset
 .text.vendord_open
                0x10005fe4       0xd8 src/CMakeFiles/lab03.dir/Users/toddnielsen/.pico-sdk/sdk/2.0.0/lib/tinyusb/src/class/vendor/vendor_device.c.obj
                0x10005fe4                vendord_open
 .text.vendord_xfer_cb
                0x100060bc       0xc8 src/CMakeFiles/lab03.dir/Users/toddnielsen/.pico-sdk/sdk/2.0.0/lib/tinyusb/src/class/vendor/vendor_device.c.obj
                0x100060bc                vendord_xfer_cb
 .text.tusb_init
                0x10006184        0xc src/CMakeFiles/lab03.dir/Users/toddnielsen/.pico-sdk/sdk/2.0.0/lib/tinyusb/src/tusb.c.obj
                0x10006184                tusb_init
 .text.tu_edpt_claim
                0x10006190       0x50 src/CMakeFiles/lab03.dir/Users/toddnielsen/.pico-sdk/sdk/2.0.0/lib/tinyusb/src/tusb.c.obj
                0x10006190                tu_edpt_claim
 .text.tu_edpt_release
                0x100061e0       0x38 src/CMakeFiles/lab03.dir/Users/toddnielsen/.pico-sdk/sdk/2.0.0/lib/tinyusb/src/tusb.c.obj
                0x100061e0                tu_edpt_release
 .text.tu_edpt_validate
                0x10006218       0x7c src/CMakeFiles/lab03.dir/Users/toddnielsen/.pico-sdk/sdk/2.0.0/lib/tinyusb/src/tusb.c.obj
                0x10006218                tu_edpt_validate
 .text.tu_edpt_bind_driver
                0x10006294       0x34 src/CMakeFiles/lab03.dir/Users/toddnielsen/.pico-sdk/sdk/2.0.0/lib/tinyusb/src/tusb.c.obj
                0x10006294                tu_edpt_bind_driver
 .text.tu_fifo_config
                0x100062c8       0x6c src/CMakeFiles/lab03.dir/Users/toddnielsen/.pico-sdk/sdk/2.0.0/lib/tinyusb/src/common/tusb_fifo.c.obj
                0x100062c8                tu_fifo_config
 .text.tu_fifo_count
                0x10006334       0x2c src/CMakeFiles/lab03.dir/Users/toddnielsen/.pico-sdk/sdk/2.0.0/lib/tinyusb/src/common/tusb_fifo.c.obj
                0x10006334                tu_fifo_count
 .text.tu_fifo_empty
                0x10006360       0x10 src/CMakeFiles/lab03.dir/Users/toddnielsen/.pico-sdk/sdk/2.0.0/lib/tinyusb/src/common/tusb_fifo.c.obj
                0x10006360                tu_fifo_empty
 .text.tu_fifo_remaining
                0x10006370       0x2c src/CMakeFiles/lab03.dir/Users/toddnielsen/.pico-sdk/sdk/2.0.0/lib/tinyusb/src/common/tusb_fifo.c.obj
                0x10006370                tu_fifo_remaining
 .text.tu_fifo_read
                0x1000639c       0x9c src/CMakeFiles/lab03.dir/Users/toddnielsen/.pico-sdk/sdk/2.0.0/lib/tinyusb/src/common/tusb_fifo.c.obj
                0x1000639c                tu_fifo_read
 .text.tu_fifo_read_n
                0x10006438       0xe8 src/CMakeFiles/lab03.dir/Users/toddnielsen/.pico-sdk/sdk/2.0.0/lib/tinyusb/src/common/tusb_fifo.c.obj
                0x10006438                tu_fifo_read_n
 .text.tu_fifo_write
                0x10006520       0xa8 src/CMakeFiles/lab03.dir/Users/toddnielsen/.pico-sdk/sdk/2.0.0/lib/tinyusb/src/common/tusb_fifo.c.obj
                0x10006520                tu_fifo_write
 .text.tu_fifo_write_n
                0x100065c8      0x178 src/CMakeFiles/lab03.dir/Users/toddnielsen/.pico-sdk/sdk/2.0.0/lib/tinyusb/src/common/tusb_fifo.c.obj
                0x100065c8                tu_fifo_write_n
 .text.tu_fifo_clear
                0x10006740       0x40 src/CMakeFiles/lab03.dir/Users/toddnielsen/.pico-sdk/sdk/2.0.0/lib/tinyusb/src/common/tusb_fifo.c.obj
                0x10006740                tu_fifo_clear
 .text.tu_fifo_set_overwritable
                0x10006780       0x48 src/CMakeFiles/lab03.dir/Users/toddnielsen/.pico-sdk/sdk/2.0.0/lib/tinyusb/src/common/tusb_fifo.c.obj
                0x10006780                tu_fifo_set_overwritable
 .text.async_context_base_add_at_time_worker
                0x100067c8       0x24 src/CMakeFiles/lab03.dir/Users/toddnielsen/.pico-sdk/sdk/2.0.0/src/rp2_common/pico_async_context/async_context_base.c.obj
                0x100067c8                async_context_base_add_at_time_worker
 .text.async_context_base_remove_at_time_worker
                0x100067ec       0x28 src/CMakeFiles/lab03.dir/Users/toddnielsen/.pico-sdk/sdk/2.0.0/src/rp2_common/pico_async_context/async_context_base.c.obj
                0x100067ec                async_context_base_remove_at_time_worker
 .text.async_context_base_add_when_pending_worker
                0x10006814       0x24 src/CMakeFiles/lab03.dir/Users/toddnielsen/.pico-sdk/sdk/2.0.0/src/rp2_common/pico_async_context/async_context_base.c.obj
                0x10006814                async_context_base_add_when_pending_worker
 .text.async_context_base_remove_when_pending_worker
                0x10006838       0x28 src/CMakeFiles/lab03.dir/Users/toddnielsen/.pico-sdk/sdk/2.0.0/src/rp2_common/pico_async_context/async_context_base.c.obj
                0x10006838                async_context_base_remove_when_pending_worker
 .text.async_context_base_execute_once
                0x10006860      0x108 src/CMakeFiles/lab03.dir/Users/toddnielsen/.pico-sdk/sdk/2.0.0/src/rp2_common/pico_async_context/async_context_base.c.obj
                0x10006860                async_context_base_execute_once
 .text.async_context_base_needs_servicing
                0x10006968       0x54 src/CMakeFiles/lab03.dir/Users/toddnielsen/.pico-sdk/sdk/2.0.0/src/rp2_common/pico_async_context/async_context_base.c.obj
                0x10006968                async_context_base_needs_servicing
 .text.pvPortMalloc
                0x100069bc      0x124 src/CMakeFiles/lab03.dir/__/lib/freertos/portable/MemMang/heap_4.c.obj
                0x100069bc                pvPortMalloc
 .text.vPortFree
                0x10006ae0       0x98 src/CMakeFiles/lab03.dir/__/lib/freertos/portable/MemMang/heap_4.c.obj
                0x10006ae0                vPortFree
 *fill*         0x10006b78        0x8 
 .text.vPortStartFirstTask
                0x10006b80       0x34 src/CMakeFiles/lab03.dir/__/lib/freertos/portable/ThirdParty/GCC/RP2040/port.c.obj
 *fill*         0x10006bb4        0xc 
 .text.xPortPendSVHandler
                0x10006bc0       0x64 src/CMakeFiles/lab03.dir/__/lib/freertos/portable/ThirdParty/GCC/RP2040/port.c.obj
                0x10006bc0                xPortPendSVHandler
 .text.prvTaskExitError
                0x10006c24        0x8 src/CMakeFiles/lab03.dir/__/lib/freertos/portable/ThirdParty/GCC/RP2040/port.c.obj
 .text.prvFIFOInterruptHandler
                0x10006c2c       0x78 src/CMakeFiles/lab03.dir/__/lib/freertos/portable/ThirdParty/GCC/RP2040/port.c.obj
 .text.vPortSVCHandler
                0x10006ca4        0x4 src/CMakeFiles/lab03.dir/__/lib/freertos/portable/ThirdParty/GCC/RP2040/port.c.obj
                0x10006ca4                vPortSVCHandler
 .text.pxPortInitialiseStack
                0x10006ca8       0x20 src/CMakeFiles/lab03.dir/__/lib/freertos/portable/ThirdParty/GCC/RP2040/port.c.obj
                0x10006ca8                pxPortInitialiseStack
 .text.vPortYield
                0x10006cc8       0x18 src/CMakeFiles/lab03.dir/__/lib/freertos/portable/ThirdParty/GCC/RP2040/port.c.obj
                0x10006cc8                vPortYield
 .text.vPortEnterCritical
                0x10006ce0       0x18 src/CMakeFiles/lab03.dir/__/lib/freertos/portable/ThirdParty/GCC/RP2040/port.c.obj
                0x10006ce0                vPortEnterCritical
 .text.vPortExitCritical
                0x10006cf8       0x14 src/CMakeFiles/lab03.dir/__/lib/freertos/portable/ThirdParty/GCC/RP2040/port.c.obj
                0x10006cf8                vPortExitCritical
 .text.ulSetInterruptMaskFromISR
                0x10006d0c        0x8 src/CMakeFiles/lab03.dir/__/lib/freertos/portable/ThirdParty/GCC/RP2040/port.c.obj
                0x10006d0c                ulSetInterruptMaskFromISR
 .text.vClearInterruptMaskFromISR
                0x10006d14        0x8 src/CMakeFiles/lab03.dir/__/lib/freertos/portable/ThirdParty/GCC/RP2040/port.c.obj
                0x10006d14                vClearInterruptMaskFromISR
 .text.xPortSysTickHandler
                0x10006d1c       0x24 src/CMakeFiles/lab03.dir/__/lib/freertos/portable/ThirdParty/GCC/RP2040/port.c.obj
                0x10006d1c                xPortSysTickHandler
 .text.vPortSetupTimerInterrupt
                0x10006d40       0x34 src/CMakeFiles/lab03.dir/__/lib/freertos/portable/ThirdParty/GCC/RP2040/port.c.obj
                0x10006d40                vPortSetupTimerInterrupt
 .text.xPortStartScheduler
                0x10006d74       0x9c src/CMakeFiles/lab03.dir/__/lib/freertos/portable/ThirdParty/GCC/RP2040/port.c.obj
                0x10006d74                xPortStartScheduler
 .text.ulPortLockGetCurrentOwnerId
                0x10006e10       0x2c src/CMakeFiles/lab03.dir/__/lib/freertos/portable/ThirdParty/GCC/RP2040/port.c.obj
                0x10006e10                ulPortLockGetCurrentOwnerId
 .text.vPortLockInternalSpinUnlockWithWait
                0x10006e3c       0x68 src/CMakeFiles/lab03.dir/__/lib/freertos/portable/ThirdParty/GCC/RP2040/port.c.obj
                0x10006e3c                vPortLockInternalSpinUnlockWithWait
 .text.vPortLockInternalSpinUnlockWithNotify
                0x10006ea4       0xcc src/CMakeFiles/lab03.dir/__/lib/freertos/portable/ThirdParty/GCC/RP2040/port.c.obj
                0x10006ea4                vPortLockInternalSpinUnlockWithNotify
 .text.xPortLockInternalSpinUnlockWithBestEffortWaitOrTimeout
                0x10006f70       0xfc src/CMakeFiles/lab03.dir/__/lib/freertos/portable/ThirdParty/GCC/RP2040/port.c.obj
                0x10006f70                xPortLockInternalSpinUnlockWithBestEffortWaitOrTimeout
 .text.startup.prvRuntimeInitializer
                0x1000706c       0x28 src/CMakeFiles/lab03.dir/__/lib/freertos/portable/ThirdParty/GCC/RP2040/port.c.obj
 .text.vEventGroupSetBitsCallback
                0x10007094       0x90 src/CMakeFiles/lab03.dir/__/lib/freertos/event_groups.c.obj
                0x10007094                vEventGroupSetBitsCallback
 .text.xEventGroupCreate
                0x10007124       0x18 src/CMakeFiles/lab03.dir/__/lib/freertos/event_groups.c.obj
                0x10007124                xEventGroupCreate
 .text.xEventGroupWaitBits
                0x1000713c       0xb8 src/CMakeFiles/lab03.dir/__/lib/freertos/event_groups.c.obj
                0x1000713c                xEventGroupWaitBits
 .text.xEventGroupSetBits
                0x100071f4       0x9c src/CMakeFiles/lab03.dir/__/lib/freertos/event_groups.c.obj
                0x100071f4                xEventGroupSetBits
 .text.xEventGroupSetBitsFromISR
                0x10007290       0x18 src/CMakeFiles/lab03.dir/__/lib/freertos/event_groups.c.obj
                0x10007290                xEventGroupSetBitsFromISR
 .text.vListInitialise
                0x100072a8       0x18 src/CMakeFiles/lab03.dir/__/lib/freertos/list.c.obj
                0x100072a8                vListInitialise
 .text.vListInitialiseItem
                0x100072c0        0x8 src/CMakeFiles/lab03.dir/__/lib/freertos/list.c.obj
                0x100072c0                vListInitialiseItem
 .text.vListInsert
                0x100072c8       0x30 src/CMakeFiles/lab03.dir/__/lib/freertos/list.c.obj
                0x100072c8                vListInsert
 .text.uxListRemove
                0x100072f8       0x20 src/CMakeFiles/lab03.dir/__/lib/freertos/list.c.obj
                0x100072f8                uxListRemove
 .text.prvUnlockQueue
                0x10007318      0x180 src/CMakeFiles/lab03.dir/__/lib/freertos/queue.c.obj
 .text.prvNotifyQueueSetContainer
                0x10007498       0x90 src/CMakeFiles/lab03.dir/__/lib/freertos/queue.c.obj
 .text.xQueueGenericCreate
                0x10007528       0xa4 src/CMakeFiles/lab03.dir/__/lib/freertos/queue.c.obj
                0x10007528                xQueueGenericCreate
 .text.xQueueCreateCountingSemaphore
                0x100075cc       0x68 src/CMakeFiles/lab03.dir/__/lib/freertos/queue.c.obj
                0x100075cc                xQueueCreateCountingSemaphore
 .text.xQueueGenericSend
                0x10007634      0x1d8 src/CMakeFiles/lab03.dir/__/lib/freertos/queue.c.obj
                0x10007634                xQueueGenericSend
 .text.xQueueGenericSendFromISR
                0x1000780c      0x134 src/CMakeFiles/lab03.dir/__/lib/freertos/queue.c.obj
                0x1000780c                xQueueGenericSendFromISR
 .text.xQueueReceive
                0x10007940      0x11c src/CMakeFiles/lab03.dir/__/lib/freertos/queue.c.obj
                0x10007940                xQueueReceive
 .text.xQueueSemaphoreTake
                0x10007a5c      0x14c src/CMakeFiles/lab03.dir/__/lib/freertos/queue.c.obj
                0x10007a5c                xQueueSemaphoreTake
 .text.vQueueAddToRegistry
                0x10007ba8      0x118 src/CMakeFiles/lab03.dir/__/lib/freertos/queue.c.obj
                0x10007ba8                vQueueAddToRegistry
 .text.vQueueWaitForMessageRestricted
                0x10007cc0       0x48 src/CMakeFiles/lab03.dir/__/lib/freertos/queue.c.obj
                0x10007cc0                vQueueWaitForMessageRestricted
 .text.prvAddNewTaskToReadyList
                0x10007d08      0x124 src/CMakeFiles/lab03.dir/__/lib/freertos/tasks.c.obj
 .text.prvCreateTask
                0x10007e2c      0x130 src/CMakeFiles/lab03.dir/__/lib/freertos/tasks.c.obj
 .text.prvIdleTask
                0x10007f5c       0x60 src/CMakeFiles/lab03.dir/__/lib/freertos/tasks.c.obj
 .text.xTaskIncrementTick.part.0
                0x10007fbc      0x190 src/CMakeFiles/lab03.dir/__/lib/freertos/tasks.c.obj
 .text.xTaskCreate
                0x1000814c       0x24 src/CMakeFiles/lab03.dir/__/lib/freertos/tasks.c.obj
                0x1000814c                xTaskCreate
 .text.vTaskStartScheduler
                0x10008170       0x6c src/CMakeFiles/lab03.dir/__/lib/freertos/tasks.c.obj
                0x10008170                vTaskStartScheduler
 .text.vTaskSuspendAll
                0x100081dc       0x10 src/CMakeFiles/lab03.dir/__/lib/freertos/tasks.c.obj
                0x100081dc                vTaskSuspendAll
 .text.xTaskResumeAll
                0x100081ec      0x188 src/CMakeFiles/lab03.dir/__/lib/freertos/tasks.c.obj
                0x100081ec                xTaskResumeAll
 .text.vTaskDelay
                0x10008374       0x84 src/CMakeFiles/lab03.dir/__/lib/freertos/tasks.c.obj
                0x10008374                vTaskDelay
 .text.xTaskGetTickCount
                0x100083f8        0xc src/CMakeFiles/lab03.dir/__/lib/freertos/tasks.c.obj
                0x100083f8                xTaskGetTickCount
 .text.uxTaskGetNumberOfTasks
                0x10008404        0xc src/CMakeFiles/lab03.dir/__/lib/freertos/tasks.c.obj
                0x10008404                uxTaskGetNumberOfTasks
 .text.xTaskIncrementTick
                0x10008410       0x24 src/CMakeFiles/lab03.dir/__/lib/freertos/tasks.c.obj
                0x10008410                xTaskIncrementTick
 .text.vTaskSwitchContext
                0x10008434       0x7c src/CMakeFiles/lab03.dir/__/lib/freertos/tasks.c.obj
                0x10008434                vTaskSwitchContext
 .text.vTaskPlaceOnEventList
                0x100084b0       0xa0 src/CMakeFiles/lab03.dir/__/lib/freertos/tasks.c.obj
                0x100084b0                vTaskPlaceOnEventList
 .text.vTaskPlaceOnUnorderedEventList
                0x10008550       0xc4 src/CMakeFiles/lab03.dir/__/lib/freertos/tasks.c.obj
                0x10008550                vTaskPlaceOnUnorderedEventList
 .text.vTaskPlaceOnEventListRestricted
                0x10008614       0xf4 src/CMakeFiles/lab03.dir/__/lib/freertos/tasks.c.obj
                0x10008614                vTaskPlaceOnEventListRestricted
 .text.xTaskRemoveFromEventList
                0x10008708       0xcc src/CMakeFiles/lab03.dir/__/lib/freertos/tasks.c.obj
                0x10008708                xTaskRemoveFromEventList
 .text.vTaskRemoveFromUnorderedEventList
                0x100087d4       0x94 src/CMakeFiles/lab03.dir/__/lib/freertos/tasks.c.obj
                0x100087d4                vTaskRemoveFromUnorderedEventList
 .text.vTaskInternalSetTimeOutState
                0x10008868       0x18 src/CMakeFiles/lab03.dir/__/lib/freertos/tasks.c.obj
                0x10008868                vTaskInternalSetTimeOutState
 .text.xTaskCheckForTimeOut
                0x10008880       0x74 src/CMakeFiles/lab03.dir/__/lib/freertos/tasks.c.obj
                0x10008880                xTaskCheckForTimeOut
 .text.vTaskMissedYield
                0x100088f4        0xc src/CMakeFiles/lab03.dir/__/lib/freertos/tasks.c.obj
                0x100088f4                vTaskMissedYield
 .text.xTaskGetCurrentTaskHandle
                0x10008900        0xc src/CMakeFiles/lab03.dir/__/lib/freertos/tasks.c.obj
                0x10008900                xTaskGetCurrentTaskHandle
 .text.xTaskPriorityInherit
                0x1000890c       0x94 src/CMakeFiles/lab03.dir/__/lib/freertos/tasks.c.obj
                0x1000890c                xTaskPriorityInherit
 .text.xTaskPriorityDisinherit
                0x100089a0       0x64 src/CMakeFiles/lab03.dir/__/lib/freertos/tasks.c.obj
                0x100089a0                xTaskPriorityDisinherit
 .text.vTaskPriorityDisinheritAfterTimeout
                0x10008a04       0x7c src/CMakeFiles/lab03.dir/__/lib/freertos/tasks.c.obj
                0x10008a04                vTaskPriorityDisinheritAfterTimeout
 .text.uxTaskResetEventItemValue
                0x10008a80       0x18 src/CMakeFiles/lab03.dir/__/lib/freertos/tasks.c.obj
                0x10008a80                uxTaskResetEventItemValue
 .text.pvTaskIncrementMutexHeldCount
                0x10008a98       0x14 src/CMakeFiles/lab03.dir/__/lib/freertos/tasks.c.obj
                0x10008a98                pvTaskIncrementMutexHeldCount
 .text.prvTimerTask
                0x10008aac      0x38c src/CMakeFiles/lab03.dir/__/lib/freertos/timers.c.obj
 .text.xTimerCreateTimerTask
                0x10008e38       0x8c src/CMakeFiles/lab03.dir/__/lib/freertos/timers.c.obj
                0x10008e38                xTimerCreateTimerTask
 .text.xTimerPendFunctionCallFromISR
                0x10008ec4       0x28 src/CMakeFiles/lab03.dir/__/lib/freertos/timers.c.obj
                0x10008ec4                xTimerPendFunctionCallFromISR
 .text.exception_set_exclusive_handler
                0x10008eec       0x48 src/CMakeFiles/lab03.dir/Users/toddnielsen/.pico-sdk/sdk/2.0.0/src/rp2_common/hardware_exception/exception.c.obj
                0x10008eec                exception_set_exclusive_handler
 .text.cyw43_arch_set_async_context
                0x10008f34        0xc src/CMakeFiles/lab03.dir/Users/toddnielsen/.pico-sdk/sdk/2.0.0/src/rp2_common/pico_cyw43_arch/cyw43_arch.c.obj
                0x10008f34                cyw43_arch_set_async_context
 .text.cyw43_arch_gpio_put
                0x10008f40       0x14 src/CMakeFiles/lab03.dir/Users/toddnielsen/.pico-sdk/sdk/2.0.0/src/rp2_common/pico_cyw43_arch/cyw43_arch.c.obj
                0x10008f40                cyw43_arch_gpio_put
 .text.cyw43_arch_async_context
                0x10008f54        0xc src/CMakeFiles/lab03.dir/Users/toddnielsen/.pico-sdk/sdk/2.0.0/src/rp2_common/pico_cyw43_arch/cyw43_arch.c.obj
                0x10008f54                cyw43_arch_async_context
 .text.cyw43_arch_init
                0x10008f60       0x64 src/CMakeFiles/lab03.dir/Users/toddnielsen/.pico-sdk/sdk/2.0.0/src/rp2_common/pico_cyw43_arch/cyw43_arch_threadsafe_background.c.obj
                0x10008f60                cyw43_arch_init
 .text.ns_delay.constprop.0
                0x10008fc4       0x20 src/CMakeFiles/lab03.dir/Users/toddnielsen/.pico-sdk/sdk/2.0.0/src/rp2_common/pico_cyw43_driver/cyw43_bus_pio_spi.c.obj
 .text.cyw43_spi_deinit
                0x10008fe4       0x7c src/CMakeFiles/lab03.dir/Users/toddnielsen/.pico-sdk/sdk/2.0.0/src/rp2_common/pico_cyw43_driver/cyw43_bus_pio_spi.c.obj
                0x10008fe4                cyw43_spi_deinit
 .text.cyw43_spi_init
                0x10009060      0x134 src/CMakeFiles/lab03.dir/Users/toddnielsen/.pico-sdk/sdk/2.0.0/src/rp2_common/pico_cyw43_driver/cyw43_bus_pio_spi.c.obj
                0x10009060                cyw43_spi_init
 .text.cyw43_spi_transfer
                0x10009194      0x3f0 src/CMakeFiles/lab03.dir/Users/toddnielsen/.pico-sdk/sdk/2.0.0/src/rp2_common/pico_cyw43_driver/cyw43_bus_pio_spi.c.obj
                0x10009194                cyw43_spi_transfer
 .text.cyw43_spi_gpio_setup
                0x10009584       0x3c src/CMakeFiles/lab03.dir/Users/toddnielsen/.pico-sdk/sdk/2.0.0/src/rp2_common/pico_cyw43_driver/cyw43_bus_pio_spi.c.obj
                0x10009584                cyw43_spi_gpio_setup
 .text.cyw43_spi_reset
                0x100095c0       0x28 src/CMakeFiles/lab03.dir/Users/toddnielsen/.pico-sdk/sdk/2.0.0/src/rp2_common/pico_cyw43_driver/cyw43_bus_pio_spi.c.obj
                0x100095c0                cyw43_spi_reset
 .text.read_reg_u32_swap
                0x100095e8       0x3c src/CMakeFiles/lab03.dir/Users/toddnielsen/.pico-sdk/sdk/2.0.0/src/rp2_common/pico_cyw43_driver/cyw43_bus_pio_spi.c.obj
                0x100095e8                read_reg_u32_swap
 .text.cyw43_read_reg_u32
                0x10009624       0x50 src/CMakeFiles/lab03.dir/Users/toddnielsen/.pico-sdk/sdk/2.0.0/src/rp2_common/pico_cyw43_driver/cyw43_bus_pio_spi.c.obj
                0x10009624                cyw43_read_reg_u32
 .text.cyw43_read_reg_u16
                0x10009674       0x50 src/CMakeFiles/lab03.dir/Users/toddnielsen/.pico-sdk/sdk/2.0.0/src/rp2_common/pico_cyw43_driver/cyw43_bus_pio_spi.c.obj
                0x10009674                cyw43_read_reg_u16
 .text.cyw43_read_reg_u8
                0x100096c4       0x50 src/CMakeFiles/lab03.dir/Users/toddnielsen/.pico-sdk/sdk/2.0.0/src/rp2_common/pico_cyw43_driver/cyw43_bus_pio_spi.c.obj
                0x100096c4                cyw43_read_reg_u8
 .text.write_reg_u32_swap
                0x10009714      0x1e8 src/CMakeFiles/lab03.dir/Users/toddnielsen/.pico-sdk/sdk/2.0.0/src/rp2_common/pico_cyw43_driver/cyw43_bus_pio_spi.c.obj
                0x10009714                write_reg_u32_swap
 .text.cyw43_write_reg_u32
                0x100098fc      0x208 src/CMakeFiles/lab03.dir/Users/toddnielsen/.pico-sdk/sdk/2.0.0/src/rp2_common/pico_cyw43_driver/cyw43_bus_pio_spi.c.obj
                0x100098fc                cyw43_write_reg_u32
 .text.cyw43_write_reg_u16
                0x10009b04      0x208 src/CMakeFiles/lab03.dir/Users/toddnielsen/.pico-sdk/sdk/2.0.0/src/rp2_common/pico_cyw43_driver/cyw43_bus_pio_spi.c.obj
                0x10009b04                cyw43_write_reg_u16
 .text.cyw43_write_reg_u8
                0x10009d0c      0x208 src/CMakeFiles/lab03.dir/Users/toddnielsen/.pico-sdk/sdk/2.0.0/src/rp2_common/pico_cyw43_driver/cyw43_bus_pio_spi.c.obj
                0x10009d0c                cyw43_write_reg_u8
 .text.cyw43_read_bytes
                0x10009f14       0x78 src/CMakeFiles/lab03.dir/Users/toddnielsen/.pico-sdk/sdk/2.0.0/src/rp2_common/pico_cyw43_driver/cyw43_bus_pio_spi.c.obj
                0x10009f14                cyw43_read_bytes
 .text.cyw43_write_bytes
                0x10009f8c       0xc0 src/CMakeFiles/lab03.dir/Users/toddnielsen/.pico-sdk/sdk/2.0.0/src/rp2_common/pico_cyw43_driver/cyw43_bus_pio_spi.c.obj
                0x10009f8c                cyw43_write_bytes
 .text.cyw43_set_backplane_window
                0x1000a04c       0x68 src/CMakeFiles/lab03.dir/Users/toddnielsen/.pico-sdk/sdk/2.0.0/lib/cyw43-driver/src/cyw43_ll.c.obj
 .text.cyw43_ll_parse_async_event
                0x1000a0b4      0x134 src/CMakeFiles/lab03.dir/Users/toddnielsen/.pico-sdk/sdk/2.0.0/lib/cyw43-driver/src/cyw43_ll.c.obj
 .text.cyw43_kso_set
                0x1000a1e8       0x80 src/CMakeFiles/lab03.dir/Users/toddnielsen/.pico-sdk/sdk/2.0.0/lib/cyw43-driver/src/cyw43_ll.c.obj
 .text.cyw43_ll_sdpcm_poll_device
                0x1000a268      0x238 src/CMakeFiles/lab03.dir/Users/toddnielsen/.pico-sdk/sdk/2.0.0/lib/cyw43-driver/src/cyw43_ll.c.obj
 .text.cyw43_sdpcm_send_common
                0x1000a4a0       0xfc src/CMakeFiles/lab03.dir/Users/toddnielsen/.pico-sdk/sdk/2.0.0/lib/cyw43-driver/src/cyw43_ll.c.obj
 .text.cyw43_do_ioctl.part.0
                0x1000a59c       0xc4 src/CMakeFiles/lab03.dir/Users/toddnielsen/.pico-sdk/sdk/2.0.0/lib/cyw43-driver/src/cyw43_ll.c.obj
 .text.cyw43_download_resource
                0x1000a660       0xd0 src/CMakeFiles/lab03.dir/Users/toddnielsen/.pico-sdk/sdk/2.0.0/lib/cyw43-driver/src/cyw43_ll.c.obj
 .text.cyw43_write_iovar_u32.constprop.0
                0x1000a730       0x98 src/CMakeFiles/lab03.dir/Users/toddnielsen/.pico-sdk/sdk/2.0.0/lib/cyw43-driver/src/cyw43_ll.c.obj
 .text.cyw43_write_iovar_n
                0x1000a7c8       0x8c src/CMakeFiles/lab03.dir/Users/toddnielsen/.pico-sdk/sdk/2.0.0/lib/cyw43-driver/src/cyw43_ll.c.obj
 .text.cyw43_read_backplane.constprop.0
                0x1000a854       0xe4 src/CMakeFiles/lab03.dir/Users/toddnielsen/.pico-sdk/sdk/2.0.0/lib/cyw43-driver/src/cyw43_ll.c.obj
 .text.cyw43_write_backplane
                0x1000a938      0x10c src/CMakeFiles/lab03.dir/Users/toddnielsen/.pico-sdk/sdk/2.0.0/lib/cyw43-driver/src/cyw43_ll.c.obj
 .text.reset_device_core.constprop.0
                0x1000aa44      0x410 src/CMakeFiles/lab03.dir/Users/toddnielsen/.pico-sdk/sdk/2.0.0/lib/cyw43-driver/src/cyw43_ll.c.obj
 .text.cyw43_ll_init
                0x1000ae54       0x1c src/CMakeFiles/lab03.dir/Users/toddnielsen/.pico-sdk/sdk/2.0.0/lib/cyw43-driver/src/cyw43_ll.c.obj
                0x1000ae54                cyw43_ll_init
 .text.cyw43_ll_deinit
                0x1000ae70        0x8 src/CMakeFiles/lab03.dir/Users/toddnielsen/.pico-sdk/sdk/2.0.0/lib/cyw43-driver/src/cyw43_ll.c.obj
                0x1000ae70                cyw43_ll_deinit
 .text.cyw43_ll_process_packets
                0x1000ae78       0x54 src/CMakeFiles/lab03.dir/Users/toddnielsen/.pico-sdk/sdk/2.0.0/lib/cyw43-driver/src/cyw43_ll.c.obj
                0x1000ae78                cyw43_ll_process_packets
 .text.cyw43_ll_ioctl
                0x1000aecc       0x80 src/CMakeFiles/lab03.dir/Users/toddnielsen/.pico-sdk/sdk/2.0.0/lib/cyw43-driver/src/cyw43_ll.c.obj
                0x1000aecc                cyw43_ll_ioctl
 .text.cyw43_ll_bus_sleep
                0x1000af4c       0x34 src/CMakeFiles/lab03.dir/Users/toddnielsen/.pico-sdk/sdk/2.0.0/lib/cyw43-driver/src/cyw43_ll.c.obj
                0x1000af4c                cyw43_ll_bus_sleep
 .text.cyw43_ll_wifi_get_mac
                0x1000af80       0x74 src/CMakeFiles/lab03.dir/Users/toddnielsen/.pico-sdk/sdk/2.0.0/lib/cyw43-driver/src/cyw43_ll.c.obj
                0x1000af80                cyw43_ll_wifi_get_mac
 .text.cyw43_ll_bus_init
                0x1000aff4      0x920 src/CMakeFiles/lab03.dir/Users/toddnielsen/.pico-sdk/sdk/2.0.0/lib/cyw43-driver/src/cyw43_ll.c.obj
                0x1000aff4                cyw43_ll_bus_init
 .text.cyw43_ll_wifi_set_wpa_auth
                0x1000b914       0x4c src/CMakeFiles/lab03.dir/Users/toddnielsen/.pico-sdk/sdk/2.0.0/lib/cyw43-driver/src/cyw43_ll.c.obj
                0x1000b914                cyw43_ll_wifi_set_wpa_auth
 .text.cyw43_ll_wifi_rejoin
                0x1000b960       0x58 src/CMakeFiles/lab03.dir/Users/toddnielsen/.pico-sdk/sdk/2.0.0/lib/cyw43-driver/src/cyw43_ll.c.obj
                0x1000b960                cyw43_ll_wifi_rejoin
 .text.cyw43_ll_gpio_set
                0x1000b9b8       0x94 src/CMakeFiles/lab03.dir/Users/toddnielsen/.pico-sdk/sdk/2.0.0/lib/cyw43-driver/src/cyw43_ll.c.obj
                0x1000b9b8                cyw43_ll_gpio_set
 .text.cyw43_ll_has_work
                0x1000ba4c       0x14 src/CMakeFiles/lab03.dir/Users/toddnielsen/.pico-sdk/sdk/2.0.0/lib/cyw43-driver/src/cyw43_ll.c.obj
                0x1000ba4c                cyw43_ll_has_work
 .text.cyw43_poll_func
                0x1000ba60       0xc0 src/CMakeFiles/lab03.dir/Users/toddnielsen/.pico-sdk/sdk/2.0.0/lib/cyw43-driver/src/cyw43_ctrl.c.obj
 .text.cyw43_init
                0x1000bb20       0x6c src/CMakeFiles/lab03.dir/Users/toddnielsen/.pico-sdk/sdk/2.0.0/lib/cyw43-driver/src/cyw43_ctrl.c.obj
                0x1000bb20                cyw43_init
 .text.cyw43_deinit
                0x1000bb8c       0x90 src/CMakeFiles/lab03.dir/Users/toddnielsen/.pico-sdk/sdk/2.0.0/lib/cyw43-driver/src/cyw43_ctrl.c.obj
                0x1000bb8c                cyw43_deinit
 .text.cyw43_cb_read_host_interrupt_pin
                0x1000bc1c        0xc src/CMakeFiles/lab03.dir/Users/toddnielsen/.pico-sdk/sdk/2.0.0/lib/cyw43-driver/src/cyw43_ctrl.c.obj
                0x1000bc1c                cyw43_cb_read_host_interrupt_pin
 .text.cyw43_cb_ensure_awake
                0x1000bc28        0xc src/CMakeFiles/lab03.dir/Users/toddnielsen/.pico-sdk/sdk/2.0.0/lib/cyw43-driver/src/cyw43_ctrl.c.obj
                0x1000bc28                cyw43_cb_ensure_awake
 .text.cyw43_cb_process_async_event
                0x1000bc34      0x214 src/CMakeFiles/lab03.dir/Users/toddnielsen/.pico-sdk/sdk/2.0.0/lib/cyw43-driver/src/cyw43_ctrl.c.obj
                0x1000bc34                cyw43_cb_process_async_event
 .text.cyw43_gpio_set
                0x1000be48       0xa0 src/CMakeFiles/lab03.dir/Users/toddnielsen/.pico-sdk/sdk/2.0.0/lib/cyw43-driver/src/cyw43_ctrl.c.obj
                0x1000be48                cyw43_gpio_set
 .text.pio_sm_unclaim
                0x1000bee8       0x20 src/CMakeFiles/lab03.dir/Users/toddnielsen/.pico-sdk/sdk/2.0.0/src/rp2_common/hardware_pio/pio.c.obj
                0x1000bee8                pio_sm_unclaim
 .text.pio_claim_unused_sm
                0x1000bf08       0x38 src/CMakeFiles/lab03.dir/Users/toddnielsen/.pico-sdk/sdk/2.0.0/src/rp2_common/hardware_pio/pio.c.obj
                0x1000bf08                pio_claim_unused_sm
 .text.pio_can_add_program
                0x1000bf40       0x90 src/CMakeFiles/lab03.dir/Users/toddnielsen/.pico-sdk/sdk/2.0.0/src/rp2_common/hardware_pio/pio.c.obj
                0x1000bf40                pio_can_add_program
 .text.pio_add_program
                0x1000bfd0      0x104 src/CMakeFiles/lab03.dir/Users/toddnielsen/.pico-sdk/sdk/2.0.0/src/rp2_common/hardware_pio/pio.c.obj
                0x1000bfd0                pio_add_program
 .text.pio_remove_program
                0x1000c0d4       0x30 src/CMakeFiles/lab03.dir/Users/toddnielsen/.pico-sdk/sdk/2.0.0/src/rp2_common/hardware_pio/pio.c.obj
                0x1000c0d4                pio_remove_program
 .text.pio_sm_set_pindirs_with_mask
                0x1000c104       0xac src/CMakeFiles/lab03.dir/Users/toddnielsen/.pico-sdk/sdk/2.0.0/src/rp2_common/hardware_pio/pio.c.obj
                0x1000c104                pio_sm_set_pindirs_with_mask
 .text.pio_sm_set_consecutive_pindirs
                0x1000c1b0       0xb4 src/CMakeFiles/lab03.dir/Users/toddnielsen/.pico-sdk/sdk/2.0.0/src/rp2_common/hardware_pio/pio.c.obj
                0x1000c1b0                pio_sm_set_consecutive_pindirs
 .text.dma_channel_unclaim
                0x1000c264       0x14 src/CMakeFiles/lab03.dir/Users/toddnielsen/.pico-sdk/sdk/2.0.0/src/rp2_common/hardware_dma/dma.c.obj
                0x1000c264                dma_channel_unclaim
 .text.dma_claim_unused_channel
                0x1000c278       0x24 src/CMakeFiles/lab03.dir/Users/toddnielsen/.pico-sdk/sdk/2.0.0/src/rp2_common/hardware_dma/dma.c.obj
                0x1000c278                dma_claim_unused_channel
 .text.dma_channel_cleanup
                0x1000c29c       0x64 src/CMakeFiles/lab03.dir/Users/toddnielsen/.pico-sdk/sdk/2.0.0/src/rp2_common/hardware_dma/dma.c.obj
                0x1000c29c                dma_channel_cleanup
 .text.cyw43_sleep_timeout_reached
                0x1000c300       0x10 src/CMakeFiles/lab03.dir/Users/toddnielsen/.pico-sdk/sdk/2.0.0/src/rp2_common/pico_cyw43_driver/cyw43_driver.c.obj
 .text.cyw43_irq_init
                0x1000c310       0x28 src/CMakeFiles/lab03.dir/Users/toddnielsen/.pico-sdk/sdk/2.0.0/src/rp2_common/pico_cyw43_driver/cyw43_driver.c.obj
                0x1000c310                cyw43_irq_init
 .text.cyw43_irq_deinit
                0x1000c338       0x20 src/CMakeFiles/lab03.dir/Users/toddnielsen/.pico-sdk/sdk/2.0.0/src/rp2_common/pico_cyw43_driver/cyw43_driver.c.obj
                0x1000c338                cyw43_irq_deinit
 .text.cyw43_gpio_irq_handler
                0x1000c358       0x44 src/CMakeFiles/lab03.dir/Users/toddnielsen/.pico-sdk/sdk/2.0.0/src/rp2_common/pico_cyw43_driver/cyw43_driver.c.obj
 .text.cyw43_do_poll
                0x1000c39c       0x70 src/CMakeFiles/lab03.dir/Users/toddnielsen/.pico-sdk/sdk/2.0.0/src/rp2_common/pico_cyw43_driver/cyw43_driver.c.obj
 .text.cyw43_post_poll_hook
                0x1000c40c       0x10 src/CMakeFiles/lab03.dir/Users/toddnielsen/.pico-sdk/sdk/2.0.0/src/rp2_common/pico_cyw43_driver/cyw43_driver.c.obj
                0x1000c40c                cyw43_post_poll_hook
 .text.cyw43_schedule_internal_poll_dispatch
                0x1000c41c       0x18 src/CMakeFiles/lab03.dir/Users/toddnielsen/.pico-sdk/sdk/2.0.0/src/rp2_common/pico_cyw43_driver/cyw43_driver.c.obj
                0x1000c41c                cyw43_schedule_internal_poll_dispatch
 .text.cyw43_driver_init
                0x1000c434       0x38 src/CMakeFiles/lab03.dir/Users/toddnielsen/.pico-sdk/sdk/2.0.0/src/rp2_common/pico_cyw43_driver/cyw43_driver.c.obj
                0x1000c434                cyw43_driver_init
 .text.cyw43_driver_deinit
                0x1000c46c       0x44 src/CMakeFiles/lab03.dir/Users/toddnielsen/.pico-sdk/sdk/2.0.0/src/rp2_common/pico_cyw43_driver/cyw43_driver.c.obj
                0x1000c46c                cyw43_driver_deinit
 .text.cyw43_hal_generate_laa_mac
                0x1000c4b0       0x28 src/CMakeFiles/lab03.dir/Users/toddnielsen/.pico-sdk/sdk/2.0.0/src/rp2_common/pico_cyw43_driver/cyw43_driver.c.obj
                0x1000c4b0                cyw43_hal_generate_laa_mac
 .text.cyw43_thread_enter
                0x1000c4d8       0x14 src/CMakeFiles/lab03.dir/Users/toddnielsen/.pico-sdk/sdk/2.0.0/src/rp2_common/pico_cyw43_driver/cyw43_driver.c.obj
                0x1000c4d8                cyw43_thread_enter
 .text.cyw43_thread_exit
                0x1000c4ec       0x14 src/CMakeFiles/lab03.dir/Users/toddnielsen/.pico-sdk/sdk/2.0.0/src/rp2_common/pico_cyw43_driver/cyw43_driver.c.obj
                0x1000c4ec                cyw43_thread_exit
 .text.cyw43_await_background_or_timeout_us
                0x1000c500       0x64 src/CMakeFiles/lab03.dir/Users/toddnielsen/.pico-sdk/sdk/2.0.0/src/rp2_common/pico_cyw43_driver/cyw43_driver.c.obj
                0x1000c500                cyw43_await_background_or_timeout_us
 .text.cyw43_delay_ms
                0x1000c564       0x48 src/CMakeFiles/lab03.dir/Users/toddnielsen/.pico-sdk/sdk/2.0.0/src/rp2_common/pico_cyw43_driver/cyw43_driver.c.obj
                0x1000c564                cyw43_delay_ms
 .text.cyw43_cb_tcpip_deinit
                0x1000c5ac        0x4 src/CMakeFiles/lab03.dir/Users/toddnielsen/.pico-sdk/sdk/2.0.0/src/rp2_common/pico_cyw43_driver/cyw43_driver.c.obj
                0x1000c5ac                cyw43_cb_tcpip_deinit
 .text.cyw43_cb_tcpip_set_link_up
                0x1000c5b0        0xc src/CMakeFiles/lab03.dir/Users/toddnielsen/.pico-sdk/sdk/2.0.0/src/rp2_common/pico_cyw43_driver/cyw43_driver.c.obj
                0x1000c5b0                cyw43_cb_tcpip_set_link_up
 .text.cyw43_cb_tcpip_set_link_down
                0x1000c5bc        0xc src/CMakeFiles/lab03.dir/Users/toddnielsen/.pico-sdk/sdk/2.0.0/src/rp2_common/pico_cyw43_driver/cyw43_driver.c.obj
                0x1000c5bc                cyw43_cb_tcpip_set_link_down
 .text.cyw43_cb_process_ethernet
                0x1000c5c8        0xc src/CMakeFiles/lab03.dir/Users/toddnielsen/.pico-sdk/sdk/2.0.0/src/rp2_common/pico_cyw43_driver/cyw43_driver.c.obj
                0x1000c5c8                cyw43_cb_process_ethernet
 .text.handle_sync_func_call
                0x1000c5d4       0x24 src/CMakeFiles/lab03.dir/Users/toddnielsen/.pico-sdk/sdk/2.0.0/src/rp2_common/pico_async_context/async_context_threadsafe_background.c.obj
 .text.async_context_threadsafe_background_acquire_lock_blocking
                0x1000c5f8        0xc src/CMakeFiles/lab03.dir/Users/toddnielsen/.pico-sdk/sdk/2.0.0/src/rp2_common/pico_async_context/async_context_threadsafe_background.c.obj
 .text.process_under_lock
                0x1000c604       0xcc src/CMakeFiles/lab03.dir/Users/toddnielsen/.pico-sdk/sdk/2.0.0/src/rp2_common/pico_async_context/async_context_threadsafe_background.c.obj
 .text.async_context_threadsafe_background_deinit
                0x1000c6d0       0x64 src/CMakeFiles/lab03.dir/Users/toddnielsen/.pico-sdk/sdk/2.0.0/src/rp2_common/pico_async_context/async_context_threadsafe_background.c.obj
 .text.low_priority_irq_handler
                0x1000c734       0x3c src/CMakeFiles/lab03.dir/Users/toddnielsen/.pico-sdk/sdk/2.0.0/src/rp2_common/pico_async_context/async_context_threadsafe_background.c.obj
 .text.async_context_threadsafe_background_wait_for_work_until
                0x1000c770        0xc src/CMakeFiles/lab03.dir/Users/toddnielsen/.pico-sdk/sdk/2.0.0/src/rp2_common/pico_async_context/async_context_threadsafe_background.c.obj
 .text.async_context_threadsafe_background_wait_until
                0x1000c77c       0x1c src/CMakeFiles/lab03.dir/Users/toddnielsen/.pico-sdk/sdk/2.0.0/src/rp2_common/pico_async_context/async_context_threadsafe_background.c.obj
 .text.async_context_threadsafe_background_execute_sync
                0x1000c798       0xe4 src/CMakeFiles/lab03.dir/Users/toddnielsen/.pico-sdk/sdk/2.0.0/src/rp2_common/pico_async_context/async_context_threadsafe_background.c.obj
                0x1000c798                async_context_threadsafe_background_execute_sync
 .text.async_context_threadsafe_background_lock_check
                0x1000c87c       0x24 src/CMakeFiles/lab03.dir/Users/toddnielsen/.pico-sdk/sdk/2.0.0/src/rp2_common/pico_async_context/async_context_threadsafe_background.c.obj
 .text.async_context_threadsafe_background_set_work_pending
                0x1000c8a0       0x50 src/CMakeFiles/lab03.dir/Users/toddnielsen/.pico-sdk/sdk/2.0.0/src/rp2_common/pico_async_context/async_context_threadsafe_background.c.obj
 .text.alarm_handler
                0x1000c8f0       0x58 src/CMakeFiles/lab03.dir/Users/toddnielsen/.pico-sdk/sdk/2.0.0/src/rp2_common/pico_async_context/async_context_threadsafe_background.c.obj
 .text.async_context_threadsafe_background_release_lock
                0x1000c948       0x7c src/CMakeFiles/lab03.dir/Users/toddnielsen/.pico-sdk/sdk/2.0.0/src/rp2_common/pico_async_context/async_context_threadsafe_background.c.obj
 .text.async_context_threadsafe_background_when_pending_worker
                0x1000c9c4       0x90 src/CMakeFiles/lab03.dir/Users/toddnielsen/.pico-sdk/sdk/2.0.0/src/rp2_common/pico_async_context/async_context_threadsafe_background.c.obj
 .text.async_context_threadsafe_background_add_at_time_worker
                0x1000ca54       0x90 src/CMakeFiles/lab03.dir/Users/toddnielsen/.pico-sdk/sdk/2.0.0/src/rp2_common/pico_async_context/async_context_threadsafe_background.c.obj
 .text.async_context_threadsafe_background_remove_at_time_worker
                0x1000cae4       0x90 src/CMakeFiles/lab03.dir/Users/toddnielsen/.pico-sdk/sdk/2.0.0/src/rp2_common/pico_async_context/async_context_threadsafe_background.c.obj
 .text.async_context_threadsafe_background_add_when_pending_worker
                0x1000cb74       0x90 src/CMakeFiles/lab03.dir/Users/toddnielsen/.pico-sdk/sdk/2.0.0/src/rp2_common/pico_async_context/async_context_threadsafe_background.c.obj
 .text.async_context_threadsafe_background_default_config
                0x1000cc04        0xc src/CMakeFiles/lab03.dir/Users/toddnielsen/.pico-sdk/sdk/2.0.0/src/rp2_common/pico_async_context/async_context_threadsafe_background.c.obj
                0x1000cc04                async_context_threadsafe_background_default_config
 .text.async_context_threadsafe_background_init
                0x1000cc10       0xa8 src/CMakeFiles/lab03.dir/Users/toddnielsen/.pico-sdk/sdk/2.0.0/src/rp2_common/pico_async_context/async_context_threadsafe_background.c.obj
                0x1000cc10                async_context_threadsafe_background_init
 .text.calloc   0x1000ccb8       0x18 /Users/toddnielsen/.pico-sdk/toolchain/13_2_Rel1/bin/../lib/gcc/arm-none-eabi/13.2.1/../../../../arm-none-eabi/lib/thumb/v6-m/nofp/libg.a(libc_a-calloc.o)
                0x1000ccb8                calloc
 .text._calloc_r
                0x1000ccd0       0xa8 /Users/toddnielsen/.pico-sdk/toolchain/13_2_Rel1/bin/../lib/gcc/arm-none-eabi/13.2.1/../../../../arm-none-eabi/lib/thumb/v6-m/nofp/libg.a(libc_a-callocr.o)
                0x1000ccd0                _calloc_r
 .text.malloc   0x1000cd78       0x14 /Users/toddnielsen/.pico-sdk/toolchain/13_2_Rel1/bin/../lib/gcc/arm-none-eabi/13.2.1/../../../../arm-none-eabi/lib/thumb/v6-m/nofp/libg.a(libc_a-malloc.o)
                0x1000cd78                malloc
 .text.free     0x1000cd8c       0x14 /Users/toddnielsen/.pico-sdk/toolchain/13_2_Rel1/bin/../lib/gcc/arm-none-eabi/13.2.1/../../../../arm-none-eabi/lib/thumb/v6-m/nofp/libg.a(libc_a-malloc.o)
                0x1000cd8c                free
 .text._malloc_r
                0x1000cda0      0x5c4 /Users/toddnielsen/.pico-sdk/toolchain/13_2_Rel1/bin/../lib/gcc/arm-none-eabi/13.2.1/../../../../arm-none-eabi/lib/thumb/v6-m/nofp/libg.a(libc_a-mallocr.o)